Component: ARM Compiler 5.05 update 1 (build 106) Tool: armlink [4d0efa]

==============================================================================

Section Cross References

    stm32f4xx_it.o(i.CAN1_RX0_IRQHandler) refers to stm32f4xx_can.o(i.CAN_GetITStatus) for CAN_GetITStatus
    stm32f4xx_it.o(i.CAN1_RX0_IRQHandler) refers to stm32f4xx_can.o(i.CAN_ClearITPendingBit) for CAN_ClearITPendingBit
    stm32f4xx_it.o(i.CAN1_RX0_IRQHandler) refers to stm32f4xx_can.o(i.CAN_ClearFlag) for CAN_ClearFlag
    stm32f4xx_it.o(i.CAN1_RX0_IRQHandler) refers to stm32f4xx_can.o(i.CAN_Receive) for CAN_Receive
    stm32f4xx_it.o(i.CAN1_RX0_IRQHandler) refers to chassis.o(i.SetTyreSpeedFdb) for SetTyreSpeedFdb
    stm32f4xx_it.o(i.CAN1_RX0_IRQHandler) refers to bsp_can.o(.bss) for RxMessage
    stm32f4xx_it.o(i.CAN1_RX0_IRQHandler) refers to chassis.o(.data) for CanMonitor
    stm32f4xx_it.o(i.CAN2_RX0_IRQHandler) refers to stm32f4xx_can.o(i.CAN_GetITStatus) for CAN_GetITStatus
    stm32f4xx_it.o(i.CAN2_RX0_IRQHandler) refers to stm32f4xx_can.o(i.CAN_ClearITPendingBit) for CAN_ClearITPendingBit
    stm32f4xx_it.o(i.CAN2_RX0_IRQHandler) refers to stm32f4xx_can.o(i.CAN_ClearFlag) for CAN_ClearFlag
    stm32f4xx_it.o(i.CAN2_RX0_IRQHandler) refers to stm32f4xx_can.o(i.CAN_Receive) for CAN_Receive
    stm32f4xx_it.o(i.CAN2_RX0_IRQHandler) refers to chassis.o(i.SetGripperSpeedFdb) for SetGripperSpeedFdb
    stm32f4xx_it.o(i.CAN2_RX0_IRQHandler) refers to chassis.o(.data) for GlobalFlag
    stm32f4xx_it.o(i.CAN2_RX0_IRQHandler) refers to bsp_can.o(.bss) for RxMessage
    stm32f4xx_it.o(i.CAN2_RX0_IRQHandler) refers to chassis.o(.bss) for GripperRxMessage
    stm32f4xx_it.o(i.CAN2_RX0_IRQHandler) refers to chassis.o(.data) for CanMonitor
    stm32f4xx_it.o(i.DMA1_Stream5_IRQHandler) refers to stm32f4xx_dma.o(i.DMA_GetITStatus) for DMA_GetITStatus
    stm32f4xx_it.o(i.DMA1_Stream5_IRQHandler) refers to stm32f4xx_dma.o(i.DMA_ClearITPendingBit) for DMA_ClearITPendingBit
    stm32f4xx_it.o(i.DMA1_Stream5_IRQHandler) refers to stm32f4xx_dma.o(i.DMA_ClearFlag) for DMA_ClearFlag
    stm32f4xx_it.o(i.DMA1_Stream5_IRQHandler) refers to driver_remote.o(i.DBusDataDec) for DBusDataDec
    stm32f4xx_it.o(i.DMA1_Stream5_IRQHandler) refers to driver_remote.o(i.GetDbusData) for GetDbusData
    stm32f4xx_it.o(i.DMA1_Stream5_IRQHandler) refers to bsp_usart2.o(.bss) for sbus_rx_buffer
    main.o(i.main) refers to system.o(i.systemInit) for systemInit
    main.o(i.main) refers to starttask.o(i.startTask) for startTask
    main.o(i.main) refers to tasks.o(i.vTaskStartScheduler) for vTaskStartScheduler
    system_stm32f4xx.o(i.SystemCoreClockUpdate) refers to system_stm32f4xx.o(.data) for .data
    system_stm32f4xx.o(i.SystemInit) refers to system_stm32f4xx.o(i.SetSysClock) for SetSysClock
    starttask.o(i.Chassis_task) refers to chassis.o(i.ChassisControl) for ChassisControl
    starttask.o(i.Chassis_task) refers to tasks.o(i.vTaskDelay) for vTaskDelay
    starttask.o(i.Cloud_task) refers to cloud.o(i.Cloud_Control) for Cloud_Control
    starttask.o(i.Cloud_task) refers to tasks.o(i.vTaskDelay) for vTaskDelay
    starttask.o(i.Gripper_task) refers to chassis.o(i.Gripper_Driver) for Gripper_Driver
    starttask.o(i.Gripper_task) refers to tasks.o(i.vTaskDelay) for vTaskDelay
    starttask.o(i.startTask) refers to tasks.o(i.xTaskCreate) for xTaskCreate
    starttask.o(i.startTask) refers to starttask.o(.data) for .data
    starttask.o(i.startTask) refers to starttask.o(i.start_task) for start_task
    starttask.o(i.start_task) refers to port.o(i.vPortEnterCritical) for vPortEnterCritical
    starttask.o(i.start_task) refers to tasks.o(i.xTaskCreate) for xTaskCreate
    starttask.o(i.start_task) refers to tasks.o(i.vTaskDelete) for vTaskDelete
    starttask.o(i.start_task) refers to port.o(i.vPortExitCritical) for vPortExitCritical
    starttask.o(i.start_task) refers to starttask.o(.data) for .data
    starttask.o(i.start_task) refers to starttask.o(i.Chassis_task) for Chassis_task
    starttask.o(i.start_task) refers to starttask.o(i.Cloud_task) for Cloud_task
    bsp_can.o(i.CAN1_Init) refers to stm32f4xx_rcc.o(i.RCC_AHB1PeriphClockCmd) for RCC_AHB1PeriphClockCmd
    bsp_can.o(i.CAN1_Init) refers to stm32f4xx_rcc.o(i.RCC_APB1PeriphClockCmd) for RCC_APB1PeriphClockCmd
    bsp_can.o(i.CAN1_Init) refers to stm32f4xx_gpio.o(i.GPIO_PinAFConfig) for GPIO_PinAFConfig
    bsp_can.o(i.CAN1_Init) refers to stm32f4xx_gpio.o(i.GPIO_Init) for GPIO_Init
    bsp_can.o(i.CAN1_Init) refers to stm32f4xx_can.o(i.CAN_DeInit) for CAN_DeInit
    bsp_can.o(i.CAN1_Init) refers to stm32f4xx_can.o(i.CAN_StructInit) for CAN_StructInit
    bsp_can.o(i.CAN1_Init) refers to stm32f4xx_can.o(i.CAN_Init) for CAN_Init
    bsp_can.o(i.CAN1_Init) refers to stm32f4xx_can.o(i.CAN_FilterInit) for CAN_FilterInit
    bsp_can.o(i.CAN1_Init) refers to misc.o(i.NVIC_Init) for NVIC_Init
    bsp_can.o(i.CAN1_Init) refers to stm32f4xx_can.o(i.CAN_ITConfig) for CAN_ITConfig
[...]
    pxOverflowDelayedTaskList                0x200000e4   Data           4  tasks.o(.data)
    .data                                    0x200000e8   Section       20  timers.o(.data)
    xTimerQueue                              0x200000e8   Data           4  timers.o(.data)
    xTimerTaskHandle                         0x200000ec   Data           4  timers.o(.data)
    xLastTime                                0x200000f0   Data           4  timers.o(.data)
    pxCurrentTimerList                       0x200000f4   Data           4  timers.o(.data)
    pxOverflowTimerList                      0x200000f8   Data           4  timers.o(.data)
    .data                                    0x200000fc   Section       12  port.o(.data)
    ucMaxSysCallPriority                     0x200000fc   Data           1  port.o(.data)
    uxCriticalNesting                        0x20000100   Data           4  port.o(.data)
    ulMaxPRIGROUPValue                       0x20000104   Data           4  port.o(.data)
    .data                                    0x20000108   Section       24  heap_4.o(.data)
    pxEnd                                    0x20000108   Data           4  heap_4.o(.data)
    xFreeBytesRemaining                      0x2000010c   Data           4  heap_4.o(.data)
    xMinimumEverFreeBytesRemaining           0x20000110   Data           4  heap_4.o(.data)
    xBlockAllocatedBit                       0x20000114   Data           4  heap_4.o(.data)
    xStart                                   0x20000118   Data           8  heap_4.o(.data)
    .bss                                     0x20000120   Section       20  bsp_can.o(.bss)
    .bss                                     0x20000134   Section       20  bsp_can.o(.bss)
    .bss                                     0x20000148   Section       18  bsp_usart2.o(.bss)
    .bss                                     0x2000015c   Section      848  chassis.o(.bss)
    Speed_Target                             0x2000015c   Data          12  chassis.o(.bss)
    .bss                                     0x200004ac   Section       16  inv_mpu_dmp_motion_driver.o(.bss)
    dmp                                      0x200004ac   Data          16  inv_mpu_dmp_motion_driver.o(.bss)
    .bss                                     0x200004bc   Section       22  driver_remote.o(.bss)
    .bss                                     0x200004d2   Section       25  driver_keymouse.o(.bss)
    .bss                                     0x200004eb   Section      200  usart.o(.bss)
    .bss                                     0x200005b4   Section       64  queue.o(.bss)
    .bss                                     0x200005f4   Section      740  tasks.o(.bss)
    pxReadyTasksLists                        0x200005f4   Data         640  tasks.o(.bss)
    xDelayedTaskList1                        0x20000874   Data          20  tasks.o(.bss)
    xDelayedTaskList2                        0x20000888   Data          20  tasks.o(.bss)
    xPendingReadyList                        0x2000089c   Data          20  tasks.o(.bss)
    xTasksWaitingTermination                 0x200008b0   Data          20  tasks.o(.bss)
    xSuspendedTaskList                       0x200008c4   Data          20  tasks.o(.bss)
    .bss                                     0x200008d8   Section       40  timers.o(.bss)
    xActiveTimerList1                        0x200008d8   Data          20  timers.o(.bss)
    xActiveTimerList2                        0x200008ec   Data          20  timers.o(.bss)
    .bss                                     0x20000900   Section    47104  heap_4.o(.bss)
    ucHeap                                   0x20000900   Data       47104  heap_4.o(.bss)
    .bss                                     0x2000c100   Section       96  libspace.o(.bss)
    HEAP                                     0x2000c160   Section      512  startup_stm32f40_41xxx.o(HEAP)
    Heap_Mem                                 0x2000c160   Data         512  startup_stm32f40_41xxx.o(HEAP)
    STACK                                    0x2000c360   Section     1024  startup_stm32f40_41xxx.o(STACK)
    Stack_Mem                                0x2000c360   Data        1024  startup_stm32f40_41xxx.o(STACK)
    __initial_sp                             0x2000c760   Data           0  startup_stm32f40_41xxx.o(STACK)

    Global Symbols

    Symbol Name                              Value     Ov Type        Size  Object(Section)

    BuildAttributes$$THM_ISAv4$E$P$D$K$B$S$7EM$VFPi3$EXTD16$VFPS$VFMA$PE$A:L22UL41UL21$X:L11$S22US41US21$IEEE1$IW$USESV6$~STKCKD$USESV7$~SHL$OTIME$ROPI$IEEEX$EBA8$UX$STANDARDLIB$REQ8$PRES8$EABIv2 0x00000000   Number         0  anon$$obj.o ABSOLUTE
    __ARM_use_no_argv                        0x00000000   Number         0  main.o ABSOLUTE
    _printf_flags                            0x00000000   Number         0  printf_stubs.o ABSOLUTE
    _printf_return_value                     0x00000000   Number         0  printf_stubs.o ABSOLUTE
    _printf_sizespec                         0x00000000   Number         0  printf_stubs.o ABSOLUTE
    _printf_widthprec                        0x00000000   Number         0  printf_stubs.o ABSOLUTE
    __ARM_exceptions_init                     - Undefined Weak Reference
    __alloca_initialize                       - Undefined Weak Reference
    __arm_preinit_                            - Undefined Weak Reference
    __cpp_initialize__aeabi_                  - Undefined Weak Reference
    __cxa_finalize                            - Undefined Weak Reference
    __rt_locale                               - Undefined Weak Reference
    __sigvec_lookup                           - Undefined Weak Reference
    _atexit_init                              - Undefined Weak Reference
    _call_atexit_fns                          - Undefined Weak Reference
    _clock_init                               - Undefined Weak Reference
    _fp_trap_init                             - Undefined Weak Reference
    _fp_trap_shutdown                         - Undefined Weak Reference
    _get_lc_collate                           - Undefined Weak Reference
    _get_lc_ctype                             - Undefined Weak Reference
    _get_lc_monetary                          - Undefined Weak Reference
    _get_lc_numeric                           - Undefined Weak Reference
    _get_lc_time                              - Undefined Weak Reference
    _getenv_init                              - Undefined Weak Reference
    _handle_redirection                       - Undefined Weak Reference
    _init_alloc                               - Undefined Weak Reference
    _init_user_alloc                          - Undefined Weak Reference
    _initio                                   - Undefined Weak Reference
    _mutex_acquire                            - Undefined Weak Reference
    _mutex_release                            - Undefined Weak Reference
    _printf_mbtowc                            - Undefined Weak Reference
    _printf_truncate_signed                   - Undefined Weak Reference
    _printf_truncate_unsigned                 - Undefined Weak Reference
    _rand_init                                - Undefined Weak Reference
    _signal_finish                            - Undefined Weak Reference
    _signal_init                              - Undefined Weak Reference
    _terminate_alloc                          - Undefined Weak Reference
    _terminate_user_alloc                     - Undefined Weak Reference
    _terminateio                              - Undefined Weak Reference
    __Vectors_Size                           0x00000188   Number         0  startup_stm32f40_41xxx.o ABSOLUTE
    __Vectors                                0x08000000   Data           4  startup_stm32f40_41xxx.o(RESET)
    __Vectors_End                            0x08000188   Data           0  startup_stm32f40_41xxx.o(RESET)
    __main                                   0x08000189   Thumb Code     8  __main.o(!!!main)
    __scatterload                            0x08000191   Thumb Code     0  __scatter.o(!!!scatter)
    __scatterload_rt2                        0x08000191   Thumb Code    44  __scatter.o(!!!scatter)
    __scatterload_rt2_thumb_only             0x08000191   Thumb Code     0  __scatter.o(!!!scatter)
    __scatterload_null                       0x0800019f   Thumb Code     0  __scatter.o(!!!scatter)
    __scatterload_copy                       0x080001c5   Thumb Code    26  __scatter_copy.o(!!handler_copy)
    __scatterload_zeroinit                   0x080001e1   Thumb Code    28  __scatter_zi.o(!!handler_zi)
    _printf_d                                0x080001fd   Thumb Code     0  _printf_d.o(.ARM.Collect$$_printf_percent$$00000009)
    _printf_percent                          0x080001fd   Thumb Code     0  _printf_percent.o(.ARM.Collect$$_printf_percent$$00000000)
    _printf_s                                0x08000203   Thumb Code     0  _printf_s.o(.ARM.Collect$$_printf_percent$$00000014)
    _printf_percent_end                      0x08000209   Thumb Code     0  _printf_percent_end.o(.ARM.Collect$$_printf_percent$$00000017)
    __rt_lib_init                            0x0800020d   Thumb Code     0  libinit.o(.ARM.Collect$$libinit$$00000000)
    __rt_lib_init_fp_1                       0x0800020f   Thumb Code     0  libinit2.o(.ARM.Collect$$libinit$$00000001)
    __rt_lib_init_alloca_1                   0x08000213   Thumb Code     0  libinit2.o(.ARM.Collect$$libinit$$0000002E)
    __rt_lib_init_argv_1                     0x08000213   Thumb Code     0  libinit2.o(.ARM.Collect$$libinit$$0000002C)
    __rt_lib_init_atexit_1                   0x08000213   Thumb Code     0  libinit2.o(.ARM.Collect$$libinit$$0000001B)
    __rt_lib_init_clock_1                    0x08000213   Thumb Code     0  libinit2.o(.ARM.Collect$$libinit$$00000021)
    __rt_lib_init_cpp_1                      0x08000213   Thumb Code     0  libinit2.o(.ARM.Collect$$libinit$$00000032)
    __rt_lib_init_exceptions_1               0x08000213   Thumb Code     0  libinit2.o(.ARM.Collect$$libinit$$00000030)
    __rt_lib_init_fp_trap_1                  0x08000213   Thumb Code     0  libinit2.o(.ARM.Collect$$libinit$$0000001F)
    __rt_lib_init_getenv_1                   0x08000213   Thumb Code     0  libinit2.o(.ARM.Collect$$libinit$$00000023)
    __rt_lib_init_heap_1                     0x08000213   Thumb Code     0  libinit2.o(.ARM.Collect$$libinit$$0000000A)
    __rt_lib_init_lc_collate_1               0x08000213   Thumb Code     0  libinit2.o(.ARM.Collect$$libinit$$00000011)
    __rt_lib_init_lc_ctype_1                 0x08000213   Thumb Code     0  libinit2.o(.ARM.Collect$$libinit$$00000013)
    __rt_lib_init_lc_monetary_1              0x08000213   Thumb Code     0  libinit2.o(.ARM.Collect$$libinit$$00000015)
    __rt_lib_init_lc_numeric_1               0x08000213   Thumb Code     0  libinit2.o(.ARM.Collect$$libinit$$00000017)
    __rt_lib_init_lc_time_1                  0x08000213   Thumb Code     0  libinit2.o(.ARM.Collect$$libinit$$00000019)
    __rt_lib_init_preinit_1                  0x08000213   Thumb Code     0  libinit2.o(.ARM.Collect$$libinit$$00000004)
    __rt_lib_init_rand_1                     0x08000213   Thumb Code     0  libinit2.o(.ARM.Collect$$libinit$$0000000E)
    __rt_lib_init_return                     0x08000213   Thumb Code     0  libinit2.o(.ARM.Collect$$libinit$$00000033)
    __rt_lib_init_signal_1                   0x08000213   Thumb Code     0  libinit2.o(.ARM.Collect$$libinit$$0000001D)
    __rt_lib_init_stdio_1                    0x08000213   Thumb Code     0  libinit2.o(.ARM.Collect$$libinit$$00000025)
    __rt_lib_init_user_alloc_1               0x08000213   Thumb Code     0  libinit2.o(.ARM.Collect$$libinit$$0000000C)
    __rt_lib_shutdown                        0x08000215   Thumb Code     0  libshutdown.o(.ARM.Collect$$libshutdown$$00000000)
    __rt_lib_shutdown_fp_trap_1              0x08000217   Thumb Code     0  libshutdown2.o(.ARM.Collect$$libshutdown$$00000006)
    __rt_lib_shutdown_heap_1                 0x08000217   Thumb Code     0  libshutdown2.o(.ARM.Collect$$libshutdown$$0000000E)
    __rt_lib_shutdown_return                 0x08000217   Thumb Code     0  libshutdown2.o(.ARM.Collect$$libshutdown$$0000000F)
    __rt_lib_shutdown_signal_1               0x08000217   Thumb Code     0  libshutdown2.o(.ARM.Collect$$libshutdown$$00000009)
    __rt_lib_shutdown_stdio_1                0x08000217   Thumb Code     0  libshutdown2.o(.ARM.Collect$$libshutdown$$00000003)
    __rt_lib_shutdown_user_alloc_1           0x08000217   Thumb Code     0  libshutdown2.o(.ARM.Collect$$libshutdown$$0000000B)
    __rt_entry                               0x08000219   Thumb Code     0  __rtentry.o(.ARM.Collect$$rtentry$$00000000)
    __rt_entry_presh_1                       0x08000219   Thumb Code     0  __rtentry2.o(.ARM.Collect$$rtentry$$00000002)
    __rt_entry_sh                            0x08000219   Thumb Code     0  __rtentry4.o(.ARM.Collect$$rtentry$$00000004)
    __rt_entry_li                            0x0800021f   Thumb Code     0  __rtentry2.o(.ARM.Collect$$rtentry$$0000000A)
    __rt_entry_postsh_1                      0x0800021f   Thumb Code     0  __rtentry2.o(.ARM.Collect$$rtentry$$00000009)
    __rt_entry_main                          0x08000223   Thumb Code     0  __rtentry2.o(.ARM.Collect$$rtentry$$0000000D)
    __rt_entry_postli_1                      0x08000223   Thumb Code     0  __rtentry2.o(.ARM.Collect$$rtentry$$0000000C)
    __rt_exit                                0x0800022b   Thumb Code     0  rtexit.o(.ARM.Collect$$rtexit$$00000000)
    __rt_exit_ls                             0x0800022d   Thumb Code     0  rtexit2.o(.ARM.Collect$$rtexit$$00000003)
    __rt_exit_prels_1                        0x0800022d   Thumb Code     0  rtexit2.o(.ARM.Collect$$rtexit$$00000002)
    __rt_exit_exit                           0x08000231   Thumb Code     0  rtexit2.o(.ARM.Collect$$rtexit$$00000004)
    SVC_Handler                              0x08000239   Thumb Code    28  port.o(.emb_text)
    __asm___6_port_c_39a90d8d__prvStartFirstTask 0x08000259   Thumb Code    28  port.o(.emb_text)
    __asm___6_port_c_39a90d8d__prvEnableVFP  0x08000279   Thumb Code    16  port.o(.emb_text)
    PendSV_Handler                           0x0800028d   Thumb Code    88  port.o(.emb_text)
    vPortGetIPSR                             0x080002e9   Thumb Code     6  port.o(.emb_text)
    Reset_Handler                            0x080002f1   Thumb Code     8  startup_stm32f40_41xxx.o(.text)
    ADC_IRQHandler                           0x0800030b   Thumb Code     0  startup_stm32f40_41xxx.o(.text)
    CAN1_RX1_IRQHandler                      0x0800030b   Thumb Code     0  startup_stm32f40_41xxx.o(.text)
    CAN1_SCE_IRQHandler                      0x0800030b   Thumb Code     0  startup_stm32f40_41xxx.o(.text)
    CAN1_TX_IRQHandler                       0x0800030b   Thumb Code     0  startup_stm32f40_41xxx.o(.text)
    CAN2_RX1_IRQHandler                      0x0800030b   Thumb Code     0  startup_stm32f40_41xxx.o(.text)
    CAN2_SCE_IRQHandler                      0x0800030b   Thumb Code     0  startup_stm32f40_41xxx.o(.text)
    CAN2_TX_IRQHandler                       0x0800030b   Thumb Code     0  startup_stm32f40_41xxx.o(.text)
    CRYP_IRQHandler                          0x0800030b   Thumb Code     0  startup_stm32f40_41xxx.o(.text)
    DCMI_IRQHandler                          0x0800030b   Thumb Code     0  startup_stm32f40_41xxx.o(.text)
    DMA1_Stream0_IRQHandler                  0x0800030b   Thumb Code     0  startup_stm32f40_41xxx.o(.text)
    DMA1_Stream1_IRQHandler                  0x0800030b   Thumb Code     0  startup_stm32f40_41xxx.o(.text)
    DMA1_Stream2_IRQHandler                  0x0800030b   Thumb Code     0  startup_stm32f40_41xxx.o(.text)
    DMA1_Stream3_IRQHandler                  0x0800030b   Thumb Code     0  startup_stm32f40_41xxx.o(.text)
    DMA1_Stream4_IRQHandler                  0x0800030b   Thumb Code     0  startup_stm32f40_41xxx.o(.text)
    DMA1_Stream6_IRQHandler                  0x0800030b   Thumb Code     0  startup_stm32f40_41xxx.o(.text)
    DMA1_Stream7_IRQHandler                  0x0800030b   Thumb Code     0  startup_stm32f40_41xxx.o(.text)
    DMA2_Stream0_IRQHandler                  0x0800030b   Thumb Code     0  startup_stm32f40_41xxx.o(.text)
    DMA2_Stream1_IRQHandler                  0x0800030b   Thumb Code     0  startup_stm32f40_41xxx.o(.text)
    DMA2_Stream2_IRQHandler                  0x0800030b   Thumb Code     0  startup_stm32f40_41xxx.o(.text)
    DMA2_Stream3_IRQHandler                  0x0800030b   Thumb Code     0  startup_stm32f40_41xxx.o(.text)
    DMA2_Stream4_IRQHandler                  0x0800030b   Thumb Code     0  startup_stm32f40_41xxx.o(.text)
    DMA2_Stream5_IRQHandler                  0x0800030b   Thumb Code     0  startup_stm32f40_41xxx.o(.text)
    DMA2_Stream6_IRQHandler                  0x0800030b   Thumb Code     0  startup_stm32f40_41xxx.o(.text)
    DMA2_Stream7_IRQHandler                  0x0800030b   Thumb Code     0  startup_stm32f40_41xxx.o(.text)
    ETH_IRQHandler                           0x0800030b   Thumb Code     0  startup_stm32f40_41xxx.o(.text)
    ETH_WKUP_IRQHandler                      0x0800030b   Thumb Code     0  startup_stm32f40_41xxx.o(.text)
    EXTI0_IRQHandler                         0x0800030b   Thumb Code     0  startup_stm32f40_41xxx.o(.text)
    EXTI15_10_IRQHandler                     0x0800030b   Thumb Code     0  startup_stm32f40_41xxx.o(.text)
    EXTI1_IRQHandler                         0x0800030b   Thumb Code     0  startup_stm32f40_41xxx.o(.text)
    EXTI2_IRQHandler                         0x0800030b   Thumb Code     0  startup_stm32f40_41xxx.o(.text)
    EXTI3_IRQHandler                         0x0800030b   Thumb Code     0  startup_stm32f40_41xxx.o(.text)
    EXTI4_IRQHandler                         0x0800030b   Thumb Code     0  startup_stm32f40_41xxx.o(.text)
    EXTI9_5_IRQHandler                       0x0800030b   Thumb Code     0  startup_stm32f40_41xxx.o(.text)
    FLASH_IRQHandler                         0x0800030b   Thumb Code     0  startup_stm32f40_41xxx.o(.text)
    FPU_IRQHandler                           0x0800030b   Thumb Code     0  startup_stm32f40_41xxx.o(.text)
    FSMC_IRQHandler                          0x0800030b   Thumb Code     0  startup_stm32f40_41xxx.o(.text)
    HASH_RNG_IRQHandler                      0x0800030b   Thumb Code     0  startup_stm32f40_41xxx.o(.text)
    I2C1_ER_IRQHandler                       0x0800030b   Thumb Code     0  startup_stm32f40_41xxx.o(.text)
    I2C1_EV_IRQHandler                       0x0800030b   Thumb Code     0  startup_stm32f40_41xxx.o(.text)
    I2C2_ER_IRQHandler                       0x0800030b   Thumb Code     0  startup_stm32f40_41xxx.o(.text)
    I2C2_EV_IRQHandler                       0x0800030b   Thumb Code     0  startup_stm32f40_41xxx.o(.text)
    I2C3_ER_IRQHandler                       0x0800030b   Thumb Code     0  startup_stm32f40_41xxx.o(.text)
    I2C3_EV_IRQHandler                       0x0800030b   Thumb Code     0  startup_stm32f40_41xxx.o(.text)
    OTG_FS_IRQHandler                        0x0800030b   Thumb Code     0  startup_stm32f40_41xxx.o(.text)
    OTG_FS_WKUP_IRQHandler                   0x0800030b   Thumb Code     0  startup_stm32f40_41xxx.o(.text)
    OTG_HS_EP1_IN_IRQHandler                 0x0800030b   Thumb Code     0  startup_stm32f40_41xxx.o(.text)
    OTG_HS_EP1_OUT_IRQHandler                0x0800030b   Thumb Code     0  startup_stm32f40_41xxx.o(.text)
    OTG_HS_IRQHandler                        0x0800030b   Thumb Code     0  startup_stm32f40_41xxx.o(.text)
    OTG_HS_WKUP_IRQHandler                   0x0800030b   Thumb Code     0  startup_stm32f40_41xxx.o(.text)
    PVD_IRQHandler                           0x0800030b   Thumb Code     0  startup_stm32f40_41xxx.o(.text)
    RCC_IRQHandler                           0x0800030b   Thumb Code     0  startup_stm32f40_41xxx.o(.text)
    RTC_Alarm_IRQHandler                     0x0800030b   Thumb Code     0  startup_stm32f40_41xxx.o(.text)
    RTC_WKUP_IRQHandler                      0x0800030b   Thumb Code     0  startup_stm32f40_41xxx.o(.text)
    SDIO_IRQHandler                          0x0800030b   Thumb Code     0  startup_stm32f40_41xxx.o(.text)
    SPI1_IRQHandler                          0x0800030b   Thumb Code     0  startup_stm32f40_41xxx.o(.text)
    SPI2_IRQHandler                          0x0800030b   Thumb Code     0  startup_stm32f40_41xxx.o(.text)
    SPI3_IRQHandler                          0x0800030b   Thumb Code     0  startup_stm32f40_41xxx.o(.text)
    TAMP_STAMP_IRQHandler                    0x0800030b   Thumb Code     0  startup_stm32f40_41xxx.o(.text)
    TIM1_BRK_TIM9_IRQHandler                 0x0800030b   Thumb Code     0  startup_stm32f40_41xxx.o(.text)
    TIM1_CC_IRQHandler                       0x0800030b   Thumb Code     0  startup_stm32f40_41xxx.o(.text)
    TIM1_TRG_COM_TIM11_IRQHandler            0x0800030b   Thumb Code     0  startup_stm32f40_41xxx.o(.text)
    TIM1_UP_TIM10_IRQHandler                 0x0800030b   Thumb Code     0  startup_stm32f40_41xxx.o(.text)
    TIM2_IRQHandler                          0x0800030b   Thumb Code     0  startup_stm32f40_41xxx.o(.text)
    TIM3_IRQHandler                          0x0800030b   Thumb Code     0  startup_stm32f40_41xxx.o(.text)
    TIM4_IRQHandler                          0x0800030b   Thumb Code     0  startup_stm32f40_41xxx.o(.text)
    TIM5_IRQHandler                          0x0800030b   Thumb Code     0  startup_stm32f40_41xxx.o(.text)
    TIM6_DAC_IRQHandler                      0x0800030b   Thumb Code     0  startup_stm32f40_41xxx.o(.text)
    TIM7_IRQHandler                          0x0800030b   Thumb Code     0  startup_stm32f40_41xxx.o(.text)
    TIM8_BRK_TIM12_IRQHandler                0x0800030b   Thumb Code     0  startup_stm32f40_41xxx.o(.text)
    TIM8_CC_IRQHandler                       0x0800030b   Thumb Code     0  startup_stm32f40_41xxx.o(.text)
    TIM8_TRG_COM_TIM14_IRQHandler            0x0800030b   Thumb Code     0  startup_stm32f40_41xxx.o(.text)
    TIM8_UP_TIM13_IRQHandler                 0x0800030b   Thumb Code     0  startup_stm32f40_41xxx.o(.text)
    UART5_IRQHandler                         0x0800030b   Thumb Code     0  startup_stm32f40_41xxx.o(.text)
    USART1_IRQHandler                        0x0800030b   Thumb Code     0  startup_stm32f40_41xxx.o(.text)
    USART2_IRQHandler                        0x0800030b   Thumb Code     0  startup_stm32f40_41xxx.o(.text)
    USART3_IRQHandler                        0x0800030b   Thumb Code     0  startup_stm32f40_41xxx.o(.text)
    USART6_IRQHandler                        0x0800030b   Thumb Code     0  startup_stm32f40_41xxx.o(.text)
    WWDG_IRQHandler                          0x0800030b   Thumb Code     0  startup_stm32f40_41xxx.o(.text)
    __user_initial_stackheap                 0x0800030d   Thumb Code     0  startup_stm32f40_41xxx.o(.text)
    __use_no_semihosting                     0x08000331   Thumb Code     2  use_no_semi_2.o(.text)
    __aeabi_ldivmod                          0x08000333   Thumb Code     0  llsdiv.o(.text)
    _ll_sdiv                                 0x08000333   Thumb Code    72  llsdiv.o(.text)
    __2printf                                0x0800037d   Thumb Code    20  noretval__2printf.o(.text)
    _printf_str                              0x08000395   Thumb Code    82  _printf_str.o(.text)
    _printf_int_dec                          0x080003e9   Thumb Code   104  _printf_dec.o(.text)
    __printf                                 0x08000461   Thumb Code   308  __printf_flags_wp.o(.text)
    memcmp                                   0x08000599   Thumb Code    88  memcmp.o(.text)
    __aeabi_memcpy                           0x080005f1   Thumb Code     0  rt_memcpy_v6.o(.text)
    __rt_memcpy                              0x080005f1   Thumb Code   138  rt_memcpy_v6.o(.text)
    _memcpy_lastbytes                        0x08000657   Thumb Code     0  rt_memcpy_v6.o(.text)
    __aeabi_memset                           0x0800067b   Thumb Code    16  aeabi_memset.o(.text)
    __use_two_region_memory                  0x0800068b   Thumb Code     2  heapauxi.o(.text)
    __rt_heap_escrow$2region                 0x0800068d   Thumb Code     2  heapauxi.o(.text)
    __rt_heap_expand$2region                 0x0800068f   Thumb Code     2  heapauxi.o(.text)
    __I$use$semihosting                      0x08000691   Thumb Code     0  use_no_semi.o(.text)
    __use_no_semihosting_swi                 0x08000691   Thumb Code     2  use_no_semi.o(.text)
    __aeabi_uldivmod                         0x08000693   Thumb Code     0  lludivv7m.o(.text)
    _ll_udiv                                 0x08000693   Thumb Code   238  lludivv7m.o(.text)
    _printf_int_common                       0x08000781   Thumb Code   178  _printf_intcommon.o(.text)
    _printf_char_common                      0x0800083f   Thumb Code    32  _printf_char_common.o(.text)
    _printf_cs_common                        0x08000865   Thumb Code    20  _printf_char.o(.text)
    _printf_char                             0x08000879   Thumb Code    16  _printf_char.o(.text)
    _printf_string                           0x08000889   Thumb Code     8  _printf_char.o(.text)
    _printf_char_file                        0x08000891   Thumb Code    32  _printf_char_file.o(.text)
    __aeabi_memcpy4                          0x080008b5   Thumb Code     0  rt_memcpy_w.o(.text)
    __aeabi_memcpy8                          0x080008b5   Thumb Code     0  rt_memcpy_w.o(.text)
    __rt_memcpy_w                            0x080008b5   Thumb Code   100  rt_memcpy_w.o(.text)
    _memcpy_lastbytes_aligned                0x080008fd   Thumb Code     0  rt_memcpy_w.o(.text)
    __aeabi_memclr                           0x08000919   Thumb Code     0  rt_memclr.o(.text)
    __rt_memclr                              0x08000919   Thumb Code    68  rt_memclr.o(.text)
    _memset                                  0x0800091d   Thumb Code     0  rt_memclr.o(.text)
    ferror                                   0x0800095d   Thumb Code     8  ferror.o(.text)
    __aeabi_memclr4                          0x08000965   Thumb Code     0  rt_memclr_w.o(.text)
    __aeabi_memclr8                          0x08000965   Thumb Code     0  rt_memclr_w.o(.text)
    __rt_memclr_w                            0x08000965   Thumb Code    78  rt_memclr_w.o(.text)
    _memset_w                                0x08000969   Thumb Code     0  rt_memclr_w.o(.text)
    __user_libspace                          0x080009b5   Thumb Code     8  libspace.o(.text)
    __user_perproc_libspace                  0x080009b5   Thumb Code     0  libspace.o(.text)
    __user_perthread_libspace                0x080009b5   Thumb Code     0  libspace.o(.text)
    __user_setup_stackheap                   0x080009bd   Thumb Code    74  sys_stackheap_outer.o(.text)
    exit                                     0x08000a07   Thumb Code    12  exit.o(.text)
    BusFault_Handler                         0x08000a13   Thumb Code     2  stm32f4xx_it.o(i.BusFault_Handler)
    CAN1_Init                                0x08000a15   Thumb Code   228  bsp_can.o(i.CAN1_Init)
    CAN1_RX0_IRQHandler                      0x08000b01   Thumb Code   194  stm32f4xx_it.o(i.CAN1_RX0_IRQHandler)
    CAN1_SendChassisMail                     0x08000bd5   Thumb Code    54  bsp_can.o(i.CAN1_SendChassisMail)
    CAN2_Init                                0x08000c15   Thumb Code   230  bsp_can.o(i.CAN2_Init)
    CAN2_RX0_IRQHandler                      0x08000d05   Thumb Code   128  stm32f4xx_it.o(i.CAN2_RX0_IRQHandler)
    CAN2_SendChassisMail                     0x08000d9d   Thumb Code    62  bsp_can.o(i.CAN2_SendChassisMail)
    CAN_ClearFlag                            0x08000de5   Thumb Code    44  stm32f4xx_can.o(i.CAN_ClearFlag)
    CAN_ClearITPendingBit                    0x08000e15   Thumb Code   116  stm32f4xx_can.o(i.CAN_ClearITPendingBit)
    CAN_DeInit                               0x08000e8d   Thumb Code    38  stm32f4xx_can.o(i.CAN_DeInit)
    CAN_FilterInit                           0x08000eb9   Thumb Code   194  stm32f4xx_can.o(i.CAN_FilterInit)
    CAN_GetITStatus                          0x08000f85   Thumb Code   162  stm32f4xx_can.o(i.CAN_GetITStatus)
    CAN_ITConfig                             0x0800102d   Thumb Code    16  stm32f4xx_can.o(i.CAN_ITConfig)
    CAN_Init                                 0x0800103d   Thumb Code   232  stm32f4xx_can.o(i.CAN_Init)
    CAN_Receive                              0x08001125   Thumb Code   142  stm32f4xx_can.o(i.CAN_Receive)
    CAN_StructInit                           0x080011b3   Thumb Code    32  stm32f4xx_can.o(i.CAN_StructInit)
    CAN_Transmit                             0x080011d3   Thumb Code   164  stm32f4xx_can.o(i.CAN_Transmit)
    ChassisControl                           0x08001279   Thumb Code   962  chassis.o(i.ChassisControl)
    Chassis_task                             0x08001679   Thumb Code    12  starttask.o(i.Chassis_task)
    Cloud_Control                            0x08001691   Thumb Code    32  cloud.o(i.Cloud_Control)
    Cloud_SendControlMail                    0x080016b1   Thumb Code    50  bsp_can.o(i.Cloud_SendControlMail)
    Cloud_task                               0x080016ed   Thumb Code    12  starttask.o(i.Cloud_task)
    DBusDataDec                              0x080016f9   Thumb Code   166  driver_remote.o(i.DBusDataDec)
    DMA1_Stream5_IRQHandler                  0x080017a5   Thumb Code    50  stm32f4xx_it.o(i.DMA1_Stream5_IRQHandler)
    DMA_ClearFlag                            0x080017e9   Thumb Code    32  stm32f4xx_dma.o(i.DMA_ClearFlag)
    DMA_ClearITPendingBit                    0x08001815   Thumb Code    32  stm32f4xx_dma.o(i.DMA_ClearITPendingBit)
    DMA_Cmd                                  0x08001841   Thumb Code    20  stm32f4xx_dma.o(i.DMA_Cmd)
    DMA_DeInit                               0x08001855   Thumb Code   272  stm32f4xx_dma.o(i.DMA_DeInit)
    DMA_GetCmdStatus                         0x08001979   Thumb Code    14  stm32f4xx_dma.o(i.DMA_GetCmdStatus)
    DMA_GetITStatus                          0x08001989   Thumb Code    68  stm32f4xx_dma.o(i.DMA_GetITStatus)
    DMA_ITConfig                             0x080019dd   Thumb Code    44  stm32f4xx_dma.o(i.DMA_ITConfig)
    DMA_Init                                 0x08001a09   Thumb Code    80  stm32f4xx_dma.o(i.DMA_Init)
    DebugMon_Handler                         0x08001a5d   Thumb Code     2  stm32f4xx_it.o(i.DebugMon_Handler)
    GPIO_Init                                0x08001a5f   Thumb Code   120  stm32f4xx_gpio.o(i.GPIO_Init)
    GPIO_PinAFConfig                         0x08001ad7   Thumb Code    32  stm32f4xx_gpio.o(i.GPIO_PinAFConfig)
    GPIO_ReadInputDataBit                    0x08001af7   Thumb Code    14  stm32f4xx_gpio.o(i.GPIO_ReadInputDataBit)
    GPIO_ResetBits                           0x08001b05   Thumb Code     4  stm32f4xx_gpio.o(i.GPIO_ResetBits)
    GPIO_SetBits                             0x08001b09   Thumb Code     4  stm32f4xx_gpio.o(i.GPIO_SetBits)
    GetDbusData                              0x08001b0d   Thumb Code     6  driver_remote.o(i.GetDbusData)
    GetKeyData                               0x08001b19   Thumb Code     4  driver_remote.o(i.GetKeyData)
    GetKeyValue                              0x08001b21   Thumb Code    84  driver_keymouse.o(i.GetKeyValue)
    GetMouseData                             0x08001b79   Thumb Code     4  driver_remote.o(i.GetMouseData)
    GetRemoteData                            0x08001b81   Thumb Code     4  driver_remote.o(i.GetRemoteData)
    HardFault_Handler                        0x08001b89   Thumb Code     2  stm32f4xx_it.o(i.HardFault_Handler)
    MPU_I2C_Ack                              0x08001b8d   Thumb Code    60  mpui2c.o(i.MPU_I2C_Ack)
    MPU_I2C_Init                             0x08001bcd   Thumb Code    60  mpui2c.o(i.MPU_I2C_Init)
    MPU_I2C_NAck                             0x08001c0d   Thumb Code    60  mpui2c.o(i.MPU_I2C_NAck)
    MPU_I2C_Read_Byte                        0x08001c4d   Thumb Code   100  mpui2c.o(i.MPU_I2C_Read_Byte)
    MPU_I2C_SDA_InMode                       0x08001cb5   Thumb Code    24  mpui2c.o(i.MPU_I2C_SDA_InMode)
    MPU_I2C_SDA_OutMode                      0x08001cd1   Thumb Code    44  mpui2c.o(i.MPU_I2C_SDA_OutMode)
    MPU_I2C_Send_Byte                        0x08001d01   Thumb Code    98  mpui2c.o(i.MPU_I2C_Send_Byte)
    MPU_I2C_Start                            0x08001d69   Thumb Code    62  mpui2c.o(i.MPU_I2C_Start)
    MPU_I2C_Stop                             0x08001dad   Thumb Code    62  mpui2c.o(i.MPU_I2C_Stop)
    MPU_I2C_Wait_Ack                         0x08001df1   Thumb Code    94  mpui2c.o(i.MPU_I2C_Wait_Ack)
    MPU_Init                                 0x08001e55   Thumb Code   118  mpu6050.o(i.MPU_Init)
    MPU_Read_Byte                            0x08001ecb   Thumb Code    58  mpu6050.o(i.MPU_Read_Byte)
    MPU_Read_Len                             0x08001f05   Thumb Code   106  mpu6050.o(i.MPU_Read_Len)
    MPU_Set_Accel_Fsr                        0x08001f6f   Thumb Code    10  mpu6050.o(i.MPU_Set_Accel_Fsr)
    MPU_Set_Gyro_Fsr                         0x08001f79   Thumb Code    10  mpu6050.o(i.MPU_Set_Gyro_Fsr)
    MPU_Set_LPF                              0x08001f83   Thumb Code    48  mpu6050.o(i.MPU_Set_LPF)
    MPU_Set_Rate                             0x08001fb3   Thumb Code    46  mpu6050.o(i.MPU_Set_Rate)
    MPU_Write_Byte                           0x08001fe1   Thumb Code    60  mpu6050.o(i.MPU_Write_Byte)
    MPU_Write_Len                            0x0800201d   Thumb Code    82  mpu6050.o(i.MPU_Write_Len)
    MemManage_Handler                        0x0800206f   Thumb Code     2  stm32f4xx_it.o(i.MemManage_Handler)
    NMI_Handler                              0x08002071   Thumb Code     2  stm32f4xx_it.o(i.NMI_Handler)
    NVIC_Init                                0x08002075   Thumb Code    96  misc.o(i.NVIC_Init)
    NVIC_PriorityGroupConfig                 0x080020d9   Thumb Code    10  misc.o(i.NVIC_PriorityGroupConfig)
    PID_Init                                 0x080020ed   Thumb Code    90  pid.o(i.PID_Init)
    Pid_Realize                              0x0800214d   Thumb Code   178  pid.o(i.Pid_Realize)
    RCC_AHB1PeriphClockCmd                   0x08002205   Thumb Code    18  stm32f4xx_rcc.o(i.RCC_AHB1PeriphClockCmd)
    RCC_APB1PeriphClockCmd                   0x0800221d   Thumb Code    18  stm32f4xx_rcc.o(i.RCC_APB1PeriphClockCmd)
    RCC_APB1PeriphResetCmd                   0x08002235   Thumb Code    18  stm32f4xx_rcc.o(i.RCC_APB1PeriphResetCmd)
    RCC_GetClocksFreq                        0x0800224d   Thumb Code   132  stm32f4xx_rcc.o(i.RCC_GetClocksFreq)
    SetGripperSpeedFdb                       0x080022dd   Thumb Code    28  chassis.o(i.SetGripperSpeedFdb)
    SetTyreSpeedFdb                          0x080023b1   Thumb Code    28  chassis.o(i.SetTyreSpeedFdb)
    SetTyreSpeedRef                          0x080023d1   Thumb Code    28  chassis.o(i.SetTyreSpeedRef)
    SysTick_CLKSourceConfig                  0x080023f1   Thumb Code    24  misc.o(i.SysTick_CLKSourceConfig)
    SysTick_Handler                          0x08002409   Thumb Code    20  delay.o(i.SysTick_Handler)
    SystemInit                               0x0800241d   Thumb Code    74  system_stm32f4xx.o(i.SystemInit)
    UART4_IRQHandler                         0x08002479   Thumb Code    88  usart.o(i.UART4_IRQHandler)
    UART4_SendChar                           0x080024dd   Thumb Code    20  usart.o(i.UART4_SendChar)
    UART4_SendData                           0x080024f5   Thumb Code    26  usart.o(i.UART4_SendData)
    USART2_Init                              0x08002511   Thumb Code   300  bsp_usart2.o(i.USART2_Init)
    USART_Cmd                                0x0800264d   Thumb Code    20  stm32f4xx_usart.o(i.USART_Cmd)
    USART_DMACmd                             0x08002661   Thumb Code    16  stm32f4xx_usart.o(i.USART_DMACmd)
    USART_GetITStatus                        0x08002671   Thumb Code    62  stm32f4xx_usart.o(i.USART_GetITStatus)
    USART_ITConfig                           0x080026af   Thumb Code    48  stm32f4xx_usart.o(i.USART_ITConfig)
    USART_Init                               0x080026e1   Thumb Code   164  stm32f4xx_usart.o(i.USART_Init)
    USART_ReceiveData                        0x0800278d   Thumb Code     8  stm32f4xx_usart.o(i.USART_ReceiveData)
    USART_SendData                           0x08002795   Thumb Code     8  stm32f4xx_usart.o(i.USART_SendData)
    UsageFault_Handler                       0x0800279d   Thumb Code     2  stm32f4xx_it.o(i.UsageFault_Handler)
    _is_digit                                0x0800279f   Thumb Code    14  __printf_wp.o(i._is_digit)
    _sys_exit                                0x080027ad   Thumb Code     2  usart.o(i._sys_exit)
    delay_init                               0x08002841   Thumb Code    50  delay.o(i.delay_init)
    delay_us                                 0x08002879   Thumb Code    48  delay.o(i.delay_us)
    delay_xms                                0x080028ad   Thumb Code    26  delay.o(i.delay_xms)
    dmp_enable_6x_lp_quat                    0x080028c7   Thumb Code    58  inv_mpu_dmp_motion_driver.o(i.dmp_enable_6x_lp_quat)
    dmp_enable_feature                       0x08002901   Thumb Code   468  inv_mpu_dmp_motion_driver.o(i.dmp_enable_feature)
    dmp_enable_gyro_cal                      0x08002add   Thumb Code    32  inv_mpu_dmp_motion_driver.o(i.dmp_enable_gyro_cal)
    dmp_enable_lp_quat                       0x08002b15   Thumb Code    58  inv_mpu_dmp_motion_driver.o(i.dmp_enable_lp_quat)
    dmp_load_motion_driver_firmware          0x08002b51   Thumb Code    16  inv_mpu_dmp_motion_driver.o(i.dmp_load_motion_driver_firmware)
    dmp_set_accel_bias                       0x08002b65   Thumb Code   210  inv_mpu_dmp_motion_driver.o(i.dmp_set_accel_bias)
    dmp_set_fifo_rate                        0x08002c3d   Thumb Code    82  inv_mpu_dmp_motion_driver.o(i.dmp_set_fifo_rate)
    dmp_set_gyro_bias                        0x08002ca1   Thumb Code   196  inv_mpu_dmp_motion_driver.o(i.dmp_set_gyro_bias)
    dmp_set_orientation                      0x08002d6d   Thumb Code   246  inv_mpu_dmp_motion_driver.o(i.dmp_set_orientation)
    dmp_set_shake_reject_thresh              0x08002e79   Thumb Code    48  inv_mpu_dmp_motion_driver.o(i.dmp_set_shake_reject_thresh)
    dmp_set_shake_reject_time                0x08002ea9   Thumb Code    32  inv_mpu_dmp_motion_driver.o(i.dmp_set_shake_reject_time)
    dmp_set_shake_reject_timeout             0x08002ec9   Thumb Code    32  inv_mpu_dmp_motion_driver.o(i.dmp_set_shake_reject_timeout)
    dmp_set_tap_axes                         0x08002ee9   Thumb Code    64  inv_mpu_dmp_motion_driver.o(i.dmp_set_tap_axes)
    dmp_set_tap_count                        0x08002f29   Thumb Code    34  inv_mpu_dmp_motion_driver.o(i.dmp_set_tap_count)
    dmp_set_tap_thresh                       0x08002f4d   Thumb Code   314  inv_mpu_dmp_motion_driver.o(i.dmp_set_tap_thresh)
    dmp_set_tap_time                         0x080030ad   Thumb Code    32  inv_mpu_dmp_motion_driver.o(i.dmp_set_tap_time)
    dmp_set_tap_time_multi                   0x080030cd   Thumb Code    32  inv_mpu_dmp_motion_driver.o(i.dmp_set_tap_time_multi)
    fputc                                    0x080030ed   Thumb Code    18  usart.o(i.fputc)
    inv_orientation_matrix_to_scalar         0x080035a1   Thumb Code    34  inv_mpu.o(i.inv_orientation_matrix_to_scalar)
    inv_row_2_scale                          0x080035c3   Thumb Code    72  inv_mpu.o(i.inv_row_2_scale)
    main                                     0x0800360b   Thumb Code    14  main.o(i.main)
    mpu_configure_fifo                       0x08003619   Thumb Code    84  inv_mpu.o(i.mpu_configure_fifo)
    mpu_dmp_init                             0x08003671   Thumb Code   160  inv_mpu.o(i.mpu_dmp_init)
    mpu_get_accel_fsr                        0x08003715   Thumb Code    54  inv_mpu.o(i.mpu_get_accel_fsr)
    mpu_get_accel_sens                       0x08003751   Thumb Code    62  inv_mpu.o(i.mpu_get_accel_sens)
    mpu_get_gyro_fsr                         0x08003795   Thumb Code    48  inv_mpu.o(i.mpu_get_gyro_fsr)
    mpu_get_gyro_sens                        0x080037c9   Thumb Code    54  inv_mpu.o(i.mpu_get_gyro_sens)
    mpu_get_lpf                              0x08003815   Thumb Code    52  inv_mpu.o(i.mpu_get_lpf)
    mpu_get_sample_rate                      0x0800384d   Thumb Code    22  inv_mpu.o(i.mpu_get_sample_rate)
    mpu_init                                 0x08003869   Thumb Code   310  inv_mpu.o(i.mpu_init)
    mpu_load_firmware                        0x080039f1   Thumb Code   158  inv_mpu.o(i.mpu_load_firmware)
    mpu_lp_accel_mode                        0x08003a95   Thumb Code   178  inv_mpu.o(i.mpu_lp_accel_mode)
    mpu_read_mem                             0x08003b4d   Thumb Code    80  inv_mpu.o(i.mpu_read_mem)
    mpu_reset_fifo                           0x08003ba1   Thumb Code   344  inv_mpu.o(i.mpu_reset_fifo)
    mpu_run_self_test                        0x08003cfd   Thumb Code   234  inv_mpu.o(i.mpu_run_self_test)
    mpu_set_accel_fsr                        0x08003ded   Thumb Code    98  inv_mpu.o(i.mpu_set_accel_fsr)
    mpu_set_bypass                           0x08003e55   Thumb Code   214  inv_mpu.o(i.mpu_set_bypass)
    mpu_set_dmp_state                        0x08003f31   Thumb Code   114  inv_mpu.o(i.mpu_set_dmp_state)
    mpu_set_gyro_fsr                         0x08003fa9   Thumb Code   104  inv_mpu.o(i.mpu_set_gyro_fsr)
    mpu_set_int_latched                      0x08004015   Thumb Code    94  inv_mpu.o(i.mpu_set_int_latched)
    mpu_set_lpf                              0x08004079   Thumb Code   102  inv_mpu.o(i.mpu_set_lpf)
    mpu_set_sample_rate                      0x080040e5   Thumb Code   116  inv_mpu.o(i.mpu_set_sample_rate)
    mpu_set_sensors                          0x0800415d   Thumb Code   178  inv_mpu.o(i.mpu_set_sensors)
    mpu_write_mem                            0x08004215   Thumb Code    80  inv_mpu.o(i.mpu_write_mem)
    pvPortMalloc                             0x08004ad1   Thumb Code   214  heap_4.o(i.pvPortMalloc)
    pvTaskIncrementMutexHeldCount            0x08004be5   Thumb Code    18  tasks.o(i.pvTaskIncrementMutexHeldCount)
    pxPortInitialiseStack                    0x08004bfd   Thumb Code    40  port.o(i.pxPortInitialiseStack)
    run_self_test                            0x08004c29   Thumb Code   134  inv_mpu.o(i.run_self_test)
    shanwai_displaywave2                     0x08004d05   Thumb Code    56  usart.o(i.shanwai_displaywave2)
    startTask                                0x08004d3d   Thumb Code    26  starttask.o(i.startTask)
    start_task                               0x08004d6d   Thumb Code    70  starttask.o(i.start_task)
    systemInit                               0x08004ddd   Thumb Code    70  system.o(i.systemInit)
    uart_init                                0x08004e29   Thumb Code   166  usart.o(i.uart_init)
    uxListRemove                             0x08004ed9   Thumb Code    36  list.o(i.uxListRemove)
    vApplicationIdleHook                     0x08004efd   Thumb Code     2  starttask.o(i.vApplicationIdleHook)
    vListInitialise                          0x08004eff   Thumb Code    22  list.o(i.vListInitialise)
    vListInitialiseItem                      0x08004f15   Thumb Code     6  list.o(i.vListInitialiseItem)
    vListInsert                              0x08004f1b   Thumb Code    48  list.o(i.vListInsert)
    vListInsertEnd                           0x08004f4b   Thumb Code    24  list.o(i.vListInsertEnd)
    vPortEnterCritical                       0x08004f65   Thumb Code    50  port.o(i.vPortEnterCritical)
    vPortExitCritical                        0x08004fdd   Thumb Code    34  port.o(i.vPortExitCritical)
    vPortFree                                0x08005041   Thumb Code    94  heap_4.o(i.vPortFree)
    vPortSetupTimerInterrupt                 0x080050dd   Thumb Code    26  port.o(i.vPortSetupTimerInterrupt)
    vPortValidateInterruptPriority           0x080050fd   Thumb Code    70  port.o(i.vPortValidateInterruptPriority)
    vQueueAddToRegistry                      0x08005189   Thumb Code    32  queue.o(i.vQueueAddToRegistry)
    vQueueWaitForMessageRestricted           0x080051ad   Thumb Code    68  queue.o(i.vQueueWaitForMessageRestricted)
    vTaskDelay                               0x080051f1   Thumb Code    62  tasks.o(i.vTaskDelay)
    vTaskDelete                              0x0800525d   Thumb Code   152  tasks.o(i.vTaskDelete)
    vTaskMissedYield                         0x08005329   Thumb Code     8  tasks.o(i.vTaskMissedYield)
    vTaskPlaceOnEventList                    0x08005335   Thumb Code    44  tasks.o(i.vTaskPlaceOnEventList)
    vTaskPlaceOnEventListRestricted          0x08005389   Thumb Code    52  tasks.o(i.vTaskPlaceOnEventListRestricted)
    vTaskPriorityInherit                     0x080053e5   Thumb Code   124  tasks.o(i.vTaskPriorityInherit)
    vTaskSetTimeOutState                     0x08005469   Thumb Code    30  tasks.o(i.vTaskSetTimeOutState)
    vTaskStartScheduler                      0x080054b1   Thumb Code    96  tasks.o(i.vTaskStartScheduler)
    vTaskSuspendAll                          0x08005545   Thumb Code    10  tasks.o(i.vTaskSuspendAll)
    vTaskSwitchContext                       0x08005555   Thumb Code    80  tasks.o(i.vTaskSwitchContext)
    xPortStartScheduler                      0x080055d1   Thumb Code   196  port.o(i.xPortStartScheduler)
    xPortSysTickHandler                      0x080056e5   Thumb Code    38  port.o(i.xPortSysTickHandler)
    xQueueGenericCreate                      0x08005711   Thumb Code    82  queue.o(i.xQueueGenericCreate)
    xQueueGenericReceive                     0x08005789   Thumb Code   348  queue.o(i.xQueueGenericReceive)
    xQueueGenericReset                       0x0800590d   Thumb Code   128  queue.o(i.xQueueGenericReset)
    xQueueGenericSend                        0x080059b5   Thumb Code   350  queue.o(i.xQueueGenericSend)
    xQueueGenericSendFromISR                 0x08005b3d   Thumb Code   188  queue.o(i.xQueueGenericSendFromISR)
    xTaskCheckForTimeOut                     0x08005c1d   Thumb Code    94  tasks.o(i.xTaskCheckForTimeOut)
    xTaskCreate                              0x08005ca5   Thumb Code    86  tasks.o(i.xTaskCreate)
    xTaskGetSchedulerState                   0x08005cfd   Thumb Code    22  tasks.o(i.xTaskGetSchedulerState)
    xTaskGetTickCount                        0x08005d19   Thumb Code     6  tasks.o(i.xTaskGetTickCount)
    xTaskIncrementTick                       0x08005d25   Thumb Code   188  tasks.o(i.xTaskIncrementTick)
    xTaskPriorityDisinherit                  0x08005e0d   Thumb Code   136  tasks.o(i.xTaskPriorityDisinherit)
    xTaskRemoveFromEventList                 0x08005ec1   Thumb Code   102  tasks.o(i.xTaskRemoveFromEventList)
    xTaskResumeAll                           0x08005f59   Thumb Code   180  tasks.o(i.xTaskResumeAll)
    xTimerCreate                             0x0800603d   Thumb Code    74  timers.o(i.xTimerCreate)
    xTimerCreateTimerTask                    0x080060b1   Thumb Code    58  timers.o(i.xTimerCreateTimerTask)
    xTimerGenericCommand                     0x08006125   Thumb Code    98  timers.o(i.xTimerGenericCommand)
    __aeabi_dadd                             0x080061b5   Thumb Code     0  daddsub_clz.o(x$fpl$dadd)
    _dadd                                    0x080061b5   Thumb Code   332  daddsub_clz.o(x$fpl$dadd)
    __aeabi_d2iz                             0x08006305   Thumb Code     0  dfix.o(x$fpl$dfix)
    _dfix                                    0x08006305   Thumb Code    94  dfix.o(x$fpl$dfix)
    __aeabi_i2d                              0x08006363   Thumb Code     0  dflt_clz.o(x$fpl$dflt)
    _dflt                                    0x08006363   Thumb Code    46  dflt_clz.o(x$fpl$dflt)
    __aeabi_dmul                             0x08006391   Thumb Code     0  dmul.o(x$fpl$dmul)
    _dmul                                    0x08006391   Thumb Code   332  dmul.o(x$fpl$dmul)
    __fpl_dnaninf                            0x080064e5   Thumb Code   156  dnaninf.o(x$fpl$dnaninf)
    __fpl_dretinf                            0x08006581   Thumb Code    12  dretinf.o(x$fpl$dretinf)
    __aeabi_dsub                             0x0800658d   Thumb Code     0  daddsub_clz.o(x$fpl$dsub)
    _dsub                                    0x0800658d   Thumb Code   464  daddsub_clz.o(x$fpl$dsub)
    _fp_init                                 0x08006761   Thumb Code    10  fpinit.o(x$fpl$fpinit)
    __fplib_config_fpu_vfp                   0x08006769   Thumb Code     0  fpinit.o(x$fpl$fpinit)
    __fplib_config_pureend_doubles           0x08006769   Thumb Code     0  fpinit.o(x$fpl$fpinit)
    __I$use$fp                               0x0800676a   Number         0  usenofp.o(x$fpl$usenofp)
    reg                                      0x08006790   Data          27  inv_mpu.o(.constdata)
    hw                                       0x080067ac   Data          12  inv_mpu.o(.constdata)
    test                                     0x080067b8   Data          40  inv_mpu.o(.constdata)
    Region$$Table$$Base                      0x08007438   Number         0  anon$$obj.o(Region$$Table)
    Region$$Table$$Limit                     0x08007458   Number         0  anon$$obj.o(Region$$Table)
    SystemCoreClock                          0x20000000   Data           4  system_stm32f4xx.o(.data)
    AHBPrescTable                            0x20000004   Data          16  system_stm32f4xx.o(.data)
    StartTaskHandler                         0x20000014   Data           4  starttask.o(.data)
    ChassisHandler                           0x20000018   Data           4  starttask.o(.data)
    CloudHandler                             0x2000001c   Data           4  starttask.o(.data)
    count_turn                               0x20000020   Data           2  chassis.o(.data)
    LFRamp                                   0x20000028   Data           8  chassis.o(.data)
    LBRamp                                   0x20000030   Data           8  chassis.o(.data)
    RFRamp                                   0x20000038   Data           8  chassis.o(.data)
    RBRamp                                   0x20000040   Data           8  chassis.o(.data)
    LCRamp                                   0x20000048   Data           8  chassis.o(.data)
    RCRamp                                   0x20000050   Data           8  chassis.o(.data)
    GlobalFlag                               0x20000058   Data           2  chassis.o(.data)
    CanMonitor                               0x2000005a   Data           2  chassis.o(.data)
    USART_RX_STA                             0x20000096   Data           2  usart.o(.data)
    __stdout                                 0x20000098   Data           4  usart.o(.data)
    pxCurrentTCB                             0x200000ac   Data           4  tasks.o(.data)
    RxMessage                                0x20000120   Data          20  bsp_can.o(.bss)
    TxMessage                                0x20000134   Data          20  bsp_can.o(.bss)
    sbus_rx_buffer                           0x20000148   Data          18  bsp_usart2.o(.bss)
    ChassisPID                               0x20000168   Data         480  chassis.o(.bss)
    GripperPositionPID                       0x20000348   Data         160  chassis.o(.bss)
    GripperSpeedPID                          0x200003e8   Data         160  chassis.o(.bss)
    ShanWai                                  0x20000488   Data          16  chassis.o(.bss)
    GripperRxMessage                         0x20000498   Data          20  chassis.o(.bss)
    dBusData                                 0x200004bc   Data          22  driver_remote.o(.bss)
    KeyMouseFlag                             0x200004d2   Data           9  driver_keymouse.o(.bss)
    KeyValue                                 0x200004db   Data          16  driver_keymouse.o(.bss)
    USART_RX_BUF                             0x200004eb   Data         200  usart.o(.bss)
    xQueueRegistry                           0x200005b4   Data          64  queue.o(.bss)
    __libspace_start                         0x2000c100   Data          96  libspace.o(.bss)
    __temporary_stack_top$libspace           0x2000c160   Data           0  libspace.o(.bss)



==============================================================================

Memory Map of the image

  Image Entry point : 0x08000189

  Load Region LR_IROM1 (Base: 0x08000000, Size: 0x00007578, Max: 0x00080000, ABSOLUTE)

    Execution Region ER_IROM1 (Base: 0x08000000, Size: 0x00007458, Max: 0x00080000, ABSOLUTE)

    Base Addr    Size         Type   Attr      Idx    E Section Name        Object

    0x08000000   0x00000188   Data   RO         1765    RESET               startup_stm32f40_41xxx.o
    0x08000188   0x00000008   Code   RO         4704  * !!!main             c_w.l(__main.o)
    0x08000190   0x00000034   Code   RO         5020    !!!scatter          c_w.l(__scatter.o)
    0x080001c4   0x0000001a   Code   RO         5022    !!handler_copy      c_w.l(__scatter_copy.o)
    0x080001de   0x00000002   PAD
    0x080001e0   0x0000001c   Code   RO         5024    !!handler_zi        c_w.l(__scatter_zi.o)
    0x080001fc   0x00000000   Code   RO         4691    .ARM.Collect$$_printf_percent$$00000000  c_w.l(_printf_percent.o)
    0x080001fc   0x00000006   Code   RO         4689    .ARM.Collect$$_printf_percent$$00000009  c_w.l(_printf_d.o)
    0x08000202   0x00000006   Code   RO         4687    .ARM.Collect$$_printf_percent$$00000014  c_w.l(_printf_s.o)
    0x08000208   0x00000004   Code   RO         4775    .ARM.Collect$$_printf_percent$$00000017  c_w.l(_printf_percent_end.o)
    0x0800020c   0x00000002   Code   RO         4892    .ARM.Collect$$libinit$$00000000  c_w.l(libinit.o)
    0x0800020e   0x00000004   Code   RO         4901    .ARM.Collect$$libinit$$00000001  c_w.l(libinit2.o)
    0x08000212   0x00000000   Code   RO         4904    .ARM.Collect$$libinit$$00000004  c_w.l(libinit2.o)
    0x08000212   0x00000000   Code   RO         4907    .ARM.Collect$$libinit$$0000000A  c_w.l(libinit2.o)
    0x08000212   0x00000000   Code   RO         4909    .ARM.Collect$$libinit$$0000000C  c_w.l(libinit2.o)
    0x08000212   0x00000000   Code   RO         4911    .ARM.Collect$$libinit$$0000000E  c_w.l(libinit2.o)
    0x08000212   0x00000000   Code   RO         4914    .ARM.Collect$$libinit$$00000011  c_w.l(libinit2.o)
    0x08000212   0x00000000   Code   RO         4916    .ARM.Collect$$libinit$$00000013  c_w.l(libinit2.o)
    0x08000212   0x00000000   Code   RO         4918    .ARM.Collect$$libinit$$00000015  c_w.l(libinit2.o)
    0x08000212   0x00000000   Code   RO         4920    .ARM.Collect$$libinit$$00000017  c_w.l(libinit2.o)
    0x08000212   0x00000000   Code   RO         4922    .ARM.Collect$$libinit$$00000019  c_w.l(libinit2.o)
    0x08000212   0x00000000   Code   RO         4924    .ARM.Collect$$libinit$$0000001B  c_w.l(libinit2.o)
    0x08000212   0x00000000   Code   RO         4926    .ARM.Collect$$libinit$$0000001D  c_w.l(libinit2.o)
    0x08000212   0x00000000   Code   RO         4928    .ARM.Collect$$libinit$$0000001F  c_w.l(libinit2.o)
    0x08000212   0x00000000   Code   RO         4930    .ARM.Collect$$libinit$$00000021  c_w.l(libinit2.o)
    0x08000212   0x00000000   Code   RO         4932    .ARM.Collect$$libinit$$00000023  c_w.l(libinit2.o)
    0x08000212   0x00000000   Code   RO         4934    .ARM.Collect$$libinit$$00000025  c_w.l(libinit2.o)
    0x08000212   0x00000000   Code   RO         4938    .ARM.Collect$$libinit$$0000002C  c_w.l(libinit2.o)
    0x08000212   0x00000000   Code   RO         4940    .ARM.Collect$$libinit$$0000002E  c_w.l(libinit2.o)
    0x08000212   0x00000000   Code   RO         4942    .ARM.Collect$$libinit$$00000030  c_w.l(libinit2.o)
    0x08000212   0x00000000   Code   RO         4944    .ARM.Collect$$libinit$$00000032  c_w.l(libinit2.o)
    0x08000212   0x00000002   Code   RO         4945    .ARM.Collect$$libinit$$00000033  c_w.l(libinit2.o)
    0x08000214   0x00000002   Code   RO         4973    .ARM.Collect$$libshutdown$$00000000  c_w.l(libshutdown.o)
    0x08000216   0x00000000   Code   RO         4988    .ARM.Collect$$libshutdown$$00000003  c_w.l(libshutdown2.o)
    0x08000216   0x00000000   Code   RO         4991    .ARM.Collect$$libshutdown$$00000006  c_w.l(libshutdown2.o)
    0x08000216   0x00000000   Code   RO         4994    .ARM.Collect$$libshutdown$$00000009  c_w.l(libshutdown2.o)
    0x08000216   0x00000000   Code   RO         4996    .ARM.Collect$$libshutdown$$0000000B  c_w.l(libshutdown2.o)
    0x08000216   0x00000000   Code   RO         4999    .ARM.Collect$$libshutdown$$0000000E  c_w.l(libshutdown2.o)
    0x08000216   0x00000002   Code   RO         5000    .ARM.Collect$$libshutdown$$0000000F  c_w.l(libshutdown2.o)
    0x08000218   0x00000000   Code   RO         4760    .ARM.Collect$$rtentry$$00000000  c_w.l(__rtentry.o)
    0x08000218   0x00000000   Code   RO         4843    .ARM.Collect$$rtentry$$00000002  c_w.l(__rtentry2.o)
    0x08000218   0x00000006   Code   RO         4855    .ARM.Collect$$rtentry$$00000004  c_w.l(__rtentry4.o)
    0x0800021e   0x00000000   Code   RO         4845    .ARM.Collect$$rtentry$$00000009  c_w.l(__rtentry2.o)
    0x0800021e   0x00000004   Code   RO         4846    .ARM.Collect$$rtentry$$0000000A  c_w.l(__rtentry2.o)
    0x08000222   0x00000000   Code   RO         4848    .ARM.Collect$$rtentry$$0000000C  c_w.l(__rtentry2.o)
    0x08000222   0x00000008   Code   RO         4849    .ARM.Collect$$rtentry$$0000000D  c_w.l(__rtentry2.o)
    0x0800022a   0x00000002   Code   RO         4895    .ARM.Collect$$rtexit$$00000000  c_w.l(rtexit.o)
    0x0800022c   0x00000000   Code   RO         4947    .ARM.Collect$$rtexit$$00000002  c_w.l(rtexit2.o)
    0x0800022c   0x00000004   Code   RO         4948    .ARM.Collect$$rtexit$$00000003  c_w.l(rtexit2.o)
    0x08000230   0x00000006   Code   RO         4949    .ARM.Collect$$rtexit$$00000004  c_w.l(rtexit2.o)
    0x08000236   0x00000002   PAD
    0x08000238   0x000000b6   Code   RO         4483    .emb_text           port.o
    0x080002ee   0x00000002   PAD
    0x080002f0   0x00000040   Code   RO         1766    .text               startup_stm32f40_41xxx.o
    0x08000330   0x00000002   Code   RO         4625    .text               c_w.l(use_no_semi_2.o)
    0x08000332   0x00000048   Code   RO         4627    .text               c_w.l(llsdiv.o)
    0x0800037a   0x00000002   PAD
    0x0800037c   0x00000018   Code   RO         4633    .text               c_w.l(noretval__2printf.o)
    0x08000394   0x00000052   Code   RO         4641    .text               c_w.l(_printf_str.o)
    0x080003e6   0x00000002   PAD
    0x080003e8   0x00000078   Code   RO         4643    .text               c_w.l(_printf_dec.o)
    0x08000460   0x00000138   Code   RO         4678    .text               c_w.l(__printf_flags_wp.o)
    0x08000598   0x00000058   Code   RO         4692    .text               c_w.l(memcmp.o)
    0x080005f0   0x0000008a   Code   RO         4698    .text               c_w.l(rt_memcpy_v6.o)
    0x0800067a   0x00000010   Code   RO         4700    .text               c_w.l(aeabi_memset.o)
    0x0800068a   0x00000006   Code   RO         4702    .text               c_w.l(heapauxi.o)
    0x08000690   0x00000002   Code   RO         4758    .text               c_w.l(use_no_semi.o)
    0x08000692   0x000000ee   Code   RO         4761    .text               c_w.l(lludivv7m.o)
    0x08000780   0x000000b2   Code   RO         4765    .text               c_w.l(_printf_intcommon.o)
    0x08000832   0x00000002   PAD
    0x08000834   0x00000030   Code   RO         4767    .text               c_w.l(_printf_char_common.o)
    0x08000864   0x0000002c   Code   RO         4771    .text               c_w.l(_printf_char.o)
    0x08000890   0x00000024   Code   RO         4773    .text               c_w.l(_printf_char_file.o)
    0x080008b4   0x00000064   Code   RO         4776    .text               c_w.l(rt_memcpy_w.o)
    0x08000918   0x00000044   Code   RO         4778    .text               c_w.l(rt_memclr.o)
    0x0800095c   0x00000008   Code   RO         4868    .text               c_w.l(ferror.o)
    0x08000964   0x0000004e   Code   RO         4872    .text               c_w.l(rt_memclr_w.o)
    0x080009b2   0x00000002   PAD
    0x080009b4   0x00000008   Code   RO         4878    .text               c_w.l(libspace.o)
    0x080009bc   0x0000004a   Code   RO         4881    .text               c_w.l(sys_stackheap_outer.o)
    0x08000a06   0x0000000c   Code   RO         4885    .text               c_w.l(exit.o)
    0x08000a12   0x00000002   Code   RO            3    i.BusFault_Handler  stm32f4xx_it.o
    0x08000a14   0x000000ec   Code   RO          459    i.CAN1_Init         bsp_can.o
    0x08000b00   0x000000d4   Code   RO            4    i.CAN1_RX0_IRQHandler  stm32f4xx_it.o
    0x08000bd4   0x00000040   Code   RO          460    i.CAN1_SendChassisMail  bsp_can.o
    0x08000c14   0x000000f0   Code   RO          463    i.CAN2_Init         bsp_can.o
    0x08000d04   0x00000098   Code   RO            5    i.CAN2_RX0_IRQHandler  stm32f4xx_it.o
    0x08000d9c   0x00000048   Code   RO          464    i.CAN2_SendChassisMail  bsp_can.o
    0x08000de4   0x00000030   Code   RO         3171    i.CAN_ClearFlag     stm32f4xx_can.o
    0x08000e14   0x00000078   Code   RO         3172    i.CAN_ClearITPendingBit  stm32f4xx_can.o
    0x08000e8c   0x0000002c   Code   RO         3174    i.CAN_DeInit        stm32f4xx_can.o
    0x08000eb8   0x000000cc   Code   RO         3176    i.CAN_FilterInit    stm32f4xx_can.o
    0x08000f84   0x000000a8   Code   RO         3178    i.CAN_GetITStatus   stm32f4xx_can.o
    0x0800102c   0x00000010   Code   RO         3182    i.CAN_ITConfig      stm32f4xx_can.o
    0x0800103c   0x000000e8   Code   RO         3183    i.CAN_Init          stm32f4xx_can.o
    0x08001124   0x0000008e   Code   RO         3186    i.CAN_Receive       stm32f4xx_can.o
    0x080011b2   0x00000020   Code   RO         3189    i.CAN_StructInit    stm32f4xx_can.o
    0x080011d2   0x000000a4   Code   RO         3191    i.CAN_Transmit      stm32f4xx_can.o
    0x08001276   0x00000002   PAD
    0x08001278   0x00000400   Code   RO          593    i.ChassisControl    chassis.o
    0x08001678   0x0000000c   Code   RO          405    i.Chassis_task      starttask.o
    0x08001684   0x0000000c   Code   RO         3194    i.CheckITStatus     stm32f4xx_can.o
    0x08001690   0x00000020   Code   RO          713    i.Cloud_Control     cloud.o
    0x080016b0   0x0000003c   Code   RO          466    i.Cloud_SendControlMail  bsp_can.o
    0x080016ec   0x0000000c   Code   RO          406    i.Cloud_task        starttask.o
    0x080016f8   0x000000ac   Code   RO         1468    i.DBusDataDec       driver_remote.o
    0x080017a4   0x00000044   Code   RO            6    i.DMA1_Stream5_IRQHandler  stm32f4xx_it.o
    0x080017e8   0x0000002c   Code   RO         3333    i.DMA_ClearFlag     stm32f4xx_dma.o
    0x08001814   0x0000002c   Code   RO         3334    i.DMA_ClearITPendingBit  stm32f4xx_dma.o
    0x08001840   0x00000014   Code   RO         3335    i.DMA_Cmd           stm32f4xx_dma.o
    0x08001854   0x00000124   Code   RO         3336    i.DMA_DeInit        stm32f4xx_dma.o
    0x08001978   0x0000000e   Code   RO         3340    i.DMA_GetCmdStatus  stm32f4xx_dma.o
    0x08001986   0x00000002   PAD
    0x08001988   0x00000054   Code   RO         3345    i.DMA_GetITStatus   stm32f4xx_dma.o
    0x080019dc   0x0000002c   Code   RO         3346    i.DMA_ITConfig      stm32f4xx_dma.o
    0x08001a08   0x00000054   Code   RO         3347    i.DMA_Init          stm32f4xx_dma.o
    0x08001a5c   0x00000002   Code   RO            7    i.DebugMon_Handler  stm32f4xx_it.o
    0x08001a5e   0x00000078   Code   RO         1817    i.GPIO_Init         stm32f4xx_gpio.o
    0x08001ad6   0x00000020   Code   RO         1818    i.GPIO_PinAFConfig  stm32f4xx_gpio.o
    0x08001af6   0x0000000e   Code   RO         1821    i.GPIO_ReadInputDataBit  stm32f4xx_gpio.o
    0x08001b04   0x00000004   Code   RO         1824    i.GPIO_ResetBits    stm32f4xx_gpio.o
    0x08001b08   0x00000004   Code   RO         1825    i.GPIO_SetBits      stm32f4xx_gpio.o
    0x08001b0c   0x0000000c   Code   RO         1469    i.GetDbusData       driver_remote.o
    0x08001b18   0x00000008   Code   RO         1470    i.GetKeyData        driver_remote.o
    0x08001b20   0x00000058   Code   RO         1556    i.GetKeyValue       driver_keymouse.o
    0x08001b78   0x00000008   Code   RO         1471    i.GetMouseData      driver_remote.o
    0x08001b80   0x00000008   Code   RO         1472    i.GetRemoteData     driver_remote.o
    0x08001b88   0x00000002   Code   RO            8    i.HardFault_Handler  stm32f4xx_it.o
    0x08001b8a   0x00000002   PAD
    0x08001b8c   0x00000040   Code   RO          878    i.MPU_I2C_Ack       mpui2c.o
    0x08001bcc   0x00000040   Code   RO          879    i.MPU_I2C_Init      mpui2c.o
    0x08001c0c   0x00000040   Code   RO          880    i.MPU_I2C_NAck      mpui2c.o
    0x08001c4c   0x00000068   Code   RO          881    i.MPU_I2C_Read_Byte  mpui2c.o
    0x08001cb4   0x0000001c   Code   RO          882    i.MPU_I2C_SDA_InMode  mpui2c.o
    0x08001cd0   0x00000030   Code   RO          883    i.MPU_I2C_SDA_OutMode  mpui2c.o
    0x08001d00   0x00000068   Code   RO          884    i.MPU_I2C_Send_Byte  mpui2c.o
    0x08001d68   0x00000044   Code   RO          885    i.MPU_I2C_Start     mpui2c.o
    0x08001dac   0x00000044   Code   RO          886    i.MPU_I2C_Stop      mpui2c.o
    0x08001df0   0x00000064   Code   RO          887    i.MPU_I2C_Wait_Ack  mpui2c.o
    0x08001e54   0x00000076   Code   RO          753    i.MPU_Init          mpu6050.o
    0x08001eca   0x0000003a   Code   RO          754    i.MPU_Read_Byte     mpu6050.o
    0x08001f04   0x0000006a   Code   RO          755    i.MPU_Read_Len      mpu6050.o
    0x08001f6e   0x0000000a   Code   RO          756    i.MPU_Set_Accel_Fsr  mpu6050.o
    0x08001f78   0x0000000a   Code   RO          757    i.MPU_Set_Gyro_Fsr  mpu6050.o
    0x08001f82   0x00000030   Code   RO          758    i.MPU_Set_LPF       mpu6050.o
    0x08001fb2   0x0000002e   Code   RO          759    i.MPU_Set_Rate      mpu6050.o
    0x08001fe0   0x0000003c   Code   RO          760    i.MPU_Write_Byte    mpu6050.o
    0x0800201c   0x00000052   Code   RO          761    i.MPU_Write_Len     mpu6050.o
    0x0800206e   0x00000002   Code   RO            9    i.MemManage_Handler  stm32f4xx_it.o
    0x08002070   0x00000002   Code   RO           10    i.NMI_Handler       stm32f4xx_it.o
    0x08002072   0x00000002   PAD
    0x08002074   0x00000064   Code   RO         1772    i.NVIC_Init         misc.o
    0x080020d8   0x00000014   Code   RO         1773    i.NVIC_PriorityGroupConfig  misc.o
    0x080020ec   0x00000060   Code   RO          675    i.PID_Init          pid.o
    0x0800214c   0x000000b8   Code   RO          678    i.Pid_Realize       pid.o
    0x08002204   0x00000018   Code   RO         1914    i.RCC_AHB1PeriphClockCmd  stm32f4xx_rcc.o
    0x0800221c   0x00000018   Code   RO         1923    i.RCC_APB1PeriphClockCmd  stm32f4xx_rcc.o
    0x08002234   0x00000018   Code   RO         1925    i.RCC_APB1PeriphResetCmd  stm32f4xx_rcc.o
    0x0800224c   0x00000090   Code   RO         1935    i.RCC_GetClocksFreq  stm32f4xx_rcc.o
    0x080022dc   0x00000020   Code   RO          597    i.SetGripperSpeedFdb  chassis.o
    0x080022fc   0x000000b4   Code   RO          368    i.SetSysClock       system_stm32f4xx.o
    0x080023b0   0x00000020   Code   RO          599    i.SetTyreSpeedFdb   chassis.o
    0x080023d0   0x00000020   Code   RO          600    i.SetTyreSpeedRef   chassis.o
    0x080023f0   0x00000018   Code   RO         1776    i.SysTick_CLKSourceConfig  misc.o
    0x08002408   0x00000014   Code   RO         1594    i.SysTick_Handler   delay.o
    0x0800241c   0x0000005c   Code   RO          370    i.SystemInit        system_stm32f4xx.o
    0x08002478   0x00000064   Code   RO         1668    i.UART4_IRQHandler  usart.o
    0x080024dc   0x00000018   Code   RO         1669    i.UART4_SendChar    usart.o
    0x080024f4   0x0000001a   Code   RO         1670    i.UART4_SendData    usart.o
    0x0800250e   0x00000002   PAD
    0x08002510   0x0000013c   Code   RO          567    i.USART2_Init       bsp_usart2.o
    0x0800264c   0x00000014   Code   RO         2308    i.USART_Cmd         stm32f4xx_usart.o
    0x08002660   0x00000010   Code   RO         2309    i.USART_DMACmd      stm32f4xx_usart.o
    0x08002670   0x0000003e   Code   RO         2312    i.USART_GetITStatus  stm32f4xx_usart.o
    0x080026ae   0x00000030   Code   RO         2314    i.USART_ITConfig    stm32f4xx_usart.o
    0x080026de   0x00000002   PAD
    0x080026e0   0x000000ac   Code   RO         2315    i.USART_Init        stm32f4xx_usart.o
    0x0800278c   0x00000008   Code   RO         2322    i.USART_ReceiveData  stm32f4xx_usart.o
    0x08002794   0x00000008   Code   RO         2325    i.USART_SendData    stm32f4xx_usart.o
    0x0800279c   0x00000002   Code   RO           11    i.UsageFault_Handler  stm32f4xx_it.o
    0x0800279e   0x0000000e   Code   RO         4676    i._is_digit         c_w.l(__printf_wp.o)
    0x080027ac   0x00000002   Code   RO         1671    i._sys_exit         usart.o
    0x080027ae   0x00000002   PAD
    0x080027b0   0x00000090   Code   RO          951    i.accel_self_test   inv_mpu.o
    0x08002840   0x00000038   Code   RO         1595    i.delay_init        delay.o
    0x08002878   0x00000034   Code   RO         1597    i.delay_us          delay.o
    0x080028ac   0x0000001a   Code   RO         1598    i.delay_xms         delay.o
    0x080028c6   0x0000003a   Code   RO         1286    i.dmp_enable_6x_lp_quat  inv_mpu_dmp_motion_driver.o
    0x08002900   0x000001dc   Code   RO         1287    i.dmp_enable_feature  inv_mpu_dmp_motion_driver.o
    0x08002adc   0x00000038   Code   RO         1288    i.dmp_enable_gyro_cal  inv_mpu_dmp_motion_driver.o
    0x08002b14   0x0000003a   Code   RO         1289    i.dmp_enable_lp_quat  inv_mpu_dmp_motion_driver.o
    0x08002b4e   0x00000002   PAD
    0x08002b50   0x00000014   Code   RO         1294    i.dmp_load_motion_driver_firmware  inv_mpu_dmp_motion_driver.o
    0x08002b64   0x000000d8   Code   RO         1298    i.dmp_set_accel_bias  inv_mpu_dmp_motion_driver.o
    0x08002c3c   0x00000064   Code   RO         1299    i.dmp_set_fifo_rate  inv_mpu_dmp_motion_driver.o
    0x08002ca0   0x000000cc   Code   RO         1300    i.dmp_set_gyro_bias  inv_mpu_dmp_motion_driver.o
    0x08002d6c   0x0000010c   Code   RO         1302    i.dmp_set_orientation  inv_mpu_dmp_motion_driver.o
    0x08002e78   0x00000030   Code   RO         1305    i.dmp_set_shake_reject_thresh  inv_mpu_dmp_motion_driver.o
    0x08002ea8   0x00000020   Code   RO         1306    i.dmp_set_shake_reject_time  inv_mpu_dmp_motion_driver.o
    0x08002ec8   0x00000020   Code   RO         1307    i.dmp_set_shake_reject_timeout  inv_mpu_dmp_motion_driver.o
    0x08002ee8   0x00000040   Code   RO         1308    i.dmp_set_tap_axes  inv_mpu_dmp_motion_driver.o
    0x08002f28   0x00000022   Code   RO         1309    i.dmp_set_tap_count  inv_mpu_dmp_motion_driver.o
    0x08002f4a   0x00000002   PAD
    0x08002f4c   0x00000160   Code   RO         1310    i.dmp_set_tap_thresh  inv_mpu_dmp_motion_driver.o
    0x080030ac   0x00000020   Code   RO         1311    i.dmp_set_tap_time  inv_mpu_dmp_motion_driver.o
    0x080030cc   0x00000020   Code   RO         1312    i.dmp_set_tap_time_multi  inv_mpu_dmp_motion_driver.o
    0x080030ec   0x00000018   Code   RO         1672    i.fputc             usart.o
    0x08003104   0x000000b4   Code   RO          952    i.get_accel_prod_shift  inv_mpu.o
    0x080031b8   0x00000314   Code   RO          953    i.get_st_biases     inv_mpu.o
    0x080034cc   0x000000d4   Code   RO          954    i.gyro_self_test    inv_mpu.o
    0x080035a0   0x00000022   Code   RO          955    i.inv_orientation_matrix_to_scalar  inv_mpu.o
    0x080035c2   0x00000048   Code   RO          956    i.inv_row_2_scale   inv_mpu.o
    0x0800360a   0x0000000e   Code   RO          292    i.main              main.o
    0x08003618   0x00000058   Code   RO          958    i.mpu_configure_fifo  inv_mpu.o
    0x08003670   0x000000a4   Code   RO          960    i.mpu_dmp_init      inv_mpu.o
    0x08003714   0x0000003c   Code   RO          961    i.mpu_get_accel_fsr  inv_mpu.o
    0x08003750   0x00000044   Code   RO          963    i.mpu_get_accel_sens  inv_mpu.o
    0x08003794   0x00000034   Code   RO          969    i.mpu_get_gyro_fsr  inv_mpu.o
    0x080037c8   0x0000004c   Code   RO          971    i.mpu_get_gyro_sens  inv_mpu.o
    0x08003814   0x00000038   Code   RO          973    i.mpu_get_lpf       inv_mpu.o
    0x0800384c   0x0000001c   Code   RO          975    i.mpu_get_sample_rate  inv_mpu.o
    0x08003868   0x00000188   Code   RO          977    i.mpu_init          inv_mpu.o
    0x080039f0   0x000000a4   Code   RO          978    i.mpu_load_firmware  inv_mpu.o
    0x08003a94   0x000000b8   Code   RO          979    i.mpu_lp_accel_mode  inv_mpu.o
    0x08003b4c   0x00000054   Code   RO          983    i.mpu_read_mem      inv_mpu.o
    0x08003ba0   0x0000015c   Code   RO          986    i.mpu_reset_fifo    inv_mpu.o
    0x08003cfc   0x000000f0   Code   RO          987    i.mpu_run_self_test  inv_mpu.o
    0x08003dec   0x00000068   Code   RO          989    i.mpu_set_accel_fsr  inv_mpu.o
    0x08003e54   0x000000dc   Code   RO          990    i.mpu_set_bypass    inv_mpu.o
    0x08003f30   0x00000078   Code   RO          992    i.mpu_set_dmp_state  inv_mpu.o
    0x08003fa8   0x0000006c   Code   RO          993    i.mpu_set_gyro_fsr  inv_mpu.o
    0x08004014   0x00000064   Code   RO          994    i.mpu_set_int_latched  inv_mpu.o
    0x08004078   0x0000006c   Code   RO          996    i.mpu_set_lpf       inv_mpu.o
    0x080040e4   0x00000078   Code   RO          997    i.mpu_set_sample_rate  inv_mpu.o
    0x0800415c   0x000000b8   Code   RO          998    i.mpu_set_sensors   inv_mpu.o
    0x08004214   0x00000054   Code   RO          999    i.mpu_write_mem     inv_mpu.o
    0x08004268   0x00000070   Code   RO         4002    i.prvAddCurrentTaskToDelayedList  tasks.o
    0x080042d8   0x000000d0   Code   RO         4003    i.prvAddNewTaskToReadyList  tasks.o
    0x080043a8   0x00000050   Code   RO         4355    i.prvCheckForValidListAndQueue  timers.o
    0x080043f8   0x00000054   Code   RO         4004    i.prvCheckTasksWaitingTermination  tasks.o
    0x0800444c   0x00000026   Code   RO         3773    i.prvCopyDataFromQueue  queue.o
    0x08004472   0x0000006c   Code   RO         3774    i.prvCopyDataToQueue  queue.o
    0x080044de   0x00000014   Code   RO         4005    i.prvDeleteTCB      tasks.o
    0x080044f2   0x00000002   PAD
    0x080044f4   0x0000004c   Code   RO         4568    i.prvHeapInit       heap_4.o
    0x08004540   0x0000002c   Code   RO         4006    i.prvIdleTask       tasks.o
    0x0800456c   0x000000c0   Code   RO         4007    i.prvInitialiseNewTask  tasks.o
    0x0800462c   0x0000004c   Code   RO         4569    i.prvInsertBlockIntoFreeList  heap_4.o
    0x08004678   0x00000038   Code   RO         4356    i.prvInsertTimerInActiveList  timers.o
    0x080046b0   0x0000001a   Code   RO         3775    i.prvIsQueueEmpty   queue.o
    0x080046ca   0x00000002   PAD
    0x080046cc   0x00000090   Code   RO         3776    i.prvNotifyQueueSetContainer  queue.o
    0x0800475c   0x00000060   Code   RO         4357    i.prvProcessExpiredTimer  timers.o
    0x080047bc   0x000000f0   Code   RO         4358    i.prvProcessReceivedCommands  timers.o
    0x080048ac   0x0000006c   Code   RO         4359    i.prvProcessTimerOrBlockTask  timers.o
    0x08004918   0x00000020   Code   RO         4009    i.prvResetNextTaskUnblockTime  tasks.o
    0x08004938   0x00000028   Code   RO         4360    i.prvSampleTimeNow  timers.o
    0x08004960   0x0000006c   Code   RO         4361    i.prvSwitchTimerLists  timers.o
    0x080049cc   0x00000064   Code   RO         4484    i.prvTaskExitError  port.o
    0x08004a30   0x00000028   Code   RO         4362    i.prvTimerTask      timers.o
    0x08004a58   0x00000078   Code   RO         3777    i.prvUnlockQueue    queue.o
    0x08004ad0   0x00000114   Code   RO         4570    i.pvPortMalloc      heap_4.o
    0x08004be4   0x00000018   Code   RO         4011    i.pvTaskIncrementMutexHeldCount  tasks.o
    0x08004bfc   0x0000002c   Code   RO         4485    i.pxPortInitialiseStack  port.o
    0x08004c28   0x00000086   Code   RO         1000    i.run_self_test     inv_mpu.o
    0x08004cae   0x00000002   PAD
    0x08004cb0   0x00000054   Code   RO         1001    i.set_int_enable    inv_mpu.o
    0x08004d04   0x00000038   Code   RO         1674    i.shanwai_displaywave2  usart.o
    0x08004d3c   0x00000030   Code   RO          408    i.startTask         starttask.o
    0x08004d6c   0x00000070   Code   RO          409    i.start_task        starttask.o
    0x08004ddc   0x0000004c   Code   RO         1745    i.systemInit        system.o
    0x08004e28   0x000000b0   Code   RO         1675    i.uart_init         usart.o
    0x08004ed8   0x00000024   Code   RO         3728    i.uxListRemove      list.o
    0x08004efc   0x00000002   Code   RO          410    i.vApplicationIdleHook  starttask.o
    0x08004efe   0x00000016   Code   RO         3729    i.vListInitialise   list.o
    0x08004f14   0x00000006   Code   RO         3730    i.vListInitialiseItem  list.o
    0x08004f1a   0x00000030   Code   RO         3731    i.vListInsert       list.o
    0x08004f4a   0x00000018   Code   RO         3732    i.vListInsertEnd    list.o
    0x08004f62   0x00000002   PAD
    0x08004f64   0x00000078   Code   RO         4487    i.vPortEnterCritical  port.o
    0x08004fdc   0x00000064   Code   RO         4488    i.vPortExitCritical  port.o
    0x08005040   0x0000009c   Code   RO         4571    i.vPortFree         heap_4.o
    0x080050dc   0x00000020   Code   RO         4489    i.vPortSetupTimerInterrupt  port.o
    0x080050fc   0x0000008c   Code   RO         4490    i.vPortValidateInterruptPriority  port.o
    0x08005188   0x00000024   Code   RO         3783    i.vQueueAddToRegistry  queue.o
    0x080051ac   0x00000044   Code   RO         3787    i.vQueueWaitForMessageRestricted  queue.o
    0x080051f0   0x0000006c   Code   RO         4019    i.vTaskDelay        tasks.o
    0x0800525c   0x000000cc   Code   RO         4021    i.vTaskDelete       tasks.o
    0x08005328   0x0000000c   Code   RO         4025    i.vTaskMissedYield  tasks.o
    0x08005334   0x00000054   Code   RO         4027    i.vTaskPlaceOnEventList  tasks.o
    0x08005388   0x0000005c   Code   RO         4028    i.vTaskPlaceOnEventListRestricted  tasks.o
    0x080053e4   0x00000084   Code   RO         4030    i.vTaskPriorityInherit  tasks.o
    0x08005468   0x00000048   Code   RO         4034    i.vTaskSetTimeOutState  tasks.o
    0x080054b0   0x00000094   Code   RO         4035    i.vTaskStartScheduler  tasks.o
    0x08005544   0x00000010   Code   RO         4037    i.vTaskSuspendAll   tasks.o
    0x08005554   0x0000007c   Code   RO         4038    i.vTaskSwitchContext  tasks.o
    0x080055d0   0x00000114   Code   RO         4491    i.xPortStartScheduler  port.o
    0x080056e4   0x0000002c   Code   RO         4492    i.xPortSysTickHandler  port.o
    0x08005710   0x00000078   Code   RO         3792    i.xQueueGenericCreate  queue.o
    0x08005788   0x00000184   Code   RO         3793    i.xQueueGenericReceive  queue.o
    0x0800590c   0x000000a8   Code   RO         3794    i.xQueueGenericReset  queue.o
    0x080059b4   0x00000188   Code   RO         3795    i.xQueueGenericSend  queue.o
    0x08005b3c   0x000000e0   Code   RO         3796    i.xQueueGenericSendFromISR  queue.o
    0x08005c1c   0x00000088   Code   RO         4039    i.xTaskCheckForTimeOut  tasks.o
    0x08005ca4   0x00000056   Code   RO         4040    i.xTaskCreate       tasks.o
    0x08005cfa   0x00000002   PAD
    0x08005cfc   0x0000001c   Code   RO         4044    i.xTaskGetSchedulerState  tasks.o
    0x08005d18   0x0000000c   Code   RO         4045    i.xTaskGetTickCount  tasks.o
    0x08005d24   0x000000e8   Code   RO         4047    i.xTaskIncrementTick  tasks.o
    0x08005e0c   0x000000b4   Code   RO         4050    i.xTaskPriorityDisinherit  tasks.o
    0x08005ec0   0x00000098   Code   RO         4051    i.xTaskRemoveFromEventList  tasks.o
    0x08005f58   0x000000e4   Code   RO         4053    i.xTaskResumeAll    tasks.o
    0x0800603c   0x00000074   Code   RO         4365    i.xTimerCreate      timers.o
    0x080060b0   0x00000074   Code   RO         4366    i.xTimerCreateTimerTask  timers.o
    0x08006124   0x00000090   Code   RO         4367    i.xTimerGenericCommand  timers.o
    0x080061b4   0x00000150   Code   RO         4708    x$fpl$dadd          fz_wm.l(daddsub_clz.o)
    0x08006304   0x0000005e   Code   RO         4718    x$fpl$dfix          fz_wm.l(dfix.o)
    0x08006362   0x0000002e   Code   RO         4723    x$fpl$dflt          fz_wm.l(dflt_clz.o)
    0x08006390   0x00000154   Code   RO         4728    x$fpl$dmul          fz_wm.l(dmul.o)
    0x080064e4   0x0000009c   Code   RO         4782    x$fpl$dnaninf       fz_wm.l(dnaninf.o)
    0x08006580   0x0000000c   Code   RO         4784    x$fpl$dretinf       fz_wm.l(dretinf.o)
    0x0800658c   0x000001d4   Code   RO         4710    x$fpl$dsub          fz_wm.l(daddsub_clz.o)
    0x08006760   0x0000000a   Code   RO         4961    x$fpl$fpinit        fz_wm.l(fpinit.o)
    0x0800676a   0x00000000   Code   RO         4790    x$fpl$usenofp       fz_wm.l(usenofp.o)
    0x0800676a   0x00000002   PAD
    0x0800676c   0x00000024   Data   RO          602    .constdata          chassis.o
    0x08006790   0x0000001b   Data   RO         1003    .constdata          inv_mpu.o
    0x080067ab   0x00000001   PAD
    0x080067ac   0x0000000c   Data   RO         1004    .constdata          inv_mpu.o
    0x080067b8   0x00000028   Data   RO         1005    .constdata          inv_mpu.o
    0x080067e0   0x00000bf6   Data   RO         1314    .constdata          inv_mpu_dmp_motion_driver.o
    0x080073d6   0x00000011   Data   RO         4679    .constdata          c_w.l(__printf_flags_wp.o)
    0x080073e7   0x00000001   PAD
    0x080073e8   0x0000004d   Data   RO         1006    .conststring        inv_mpu.o
    0x08007435   0x00000003   PAD
    0x08007438   0x00000020   Data   RO         5018    Region$$Table       anon$$obj.o


    Execution Region RW_IRAM1 (Base: 0x20000000, Size: 0x0000c760, Max: 0x00020000, ABSOLUTE)

    Base Addr    Size         Type   Attr      Idx    E Section Name        Object

    0x20000000   0x00000014   Data   RW          371    .data               system_stm32f4xx.o
    0x20000014   0x0000000c   Data   RW          411    .data               starttask.o
    0x20000020   0x00000038   Data   RW          603    .data               chassis.o
    0x20000058   0x00000002   Data   RW          604    .data               chassis.o
    0x2000005a   0x00000002   Data   RW          605    .data               chassis.o
    0x2000005c   0x00000035   Data   RW         1007    .data               inv_mpu.o
    0x20000091   0x00000001   PAD
    0x20000092   0x00000004   Data   RW         1599    .data               delay.o
    0x20000096   0x00000002   Data   RW         1678    .data               usart.o
    0x20000098   0x00000004   Data   RW         1679    .data               usart.o
    0x2000009c   0x00000010   Data   RW         1967    .data               stm32f4xx_rcc.o
    0x200000ac   0x0000003c   Data   RW         4056    .data               tasks.o
    0x200000e8   0x00000014   Data   RW         4375    .data               timers.o
    0x200000fc   0x0000000c   Data   RW         4493    .data               port.o
    0x20000108   0x00000018   Data   RW         4576    .data               heap_4.o
    0x20000120   0x00000014   Zero   RW          467    .bss                bsp_can.o
    0x20000134   0x00000014   Zero   RW          468    .bss                bsp_can.o
    0x20000148   0x00000012   Zero   RW          568    .bss                bsp_usart2.o
    0x2000015a   0x00000002   PAD
    0x2000015c   0x00000350   Zero   RW          601    .bss                chassis.o
    0x200004ac   0x00000010   Zero   RW         1313    .bss                inv_mpu_dmp_motion_driver.o
    0x200004bc   0x00000016   Zero   RW         1476    .bss                driver_remote.o
    0x200004d2   0x00000019   Zero   RW         1558    .bss                driver_keymouse.o
    0x200004eb   0x000000c8   Zero   RW         1676    .bss                usart.o
    0x200005b3   0x00000001   PAD
    0x200005b4   0x00000040   Zero   RW         3807    .bss                queue.o
    0x200005f4   0x000002e4   Zero   RW         4055    .bss                tasks.o
    0x200008d8   0x00000028   Zero   RW         4374    .bss                timers.o
    0x20000900   0x0000b800   Zero   RW         4575    .bss                heap_4.o
    0x2000c100   0x00000060   Zero   RW         4879    .bss                c_w.l(libspace.o)
    0x2000c160   0x00000200   Zero   RW         1764    HEAP                startup_stm32f40_41xxx.o
    0x2000c360   0x00000400   Zero   RW         1763    STACK               startup_stm32f40_41xxx.o


==============================================================================

Image component sizes


      Code (inc. data)   RO Data    RW Data    ZI Data      Debug   Object Name

       672         48          0          0         40       3852   bsp_can.o
       316         16          0          0         18       1455   bsp_usart2.o
      1120         74         36         60        848       4960   chassis.o
        32          0          0          0          0        928   cloud.o
       154         10          0          4          0       2586   delay.o
        88          4          0          0         25       2548   driver_keymouse.o
       208         24          0          0         22       5939   driver_remote.o
         0          0          0          0          0       9468   event_groups.o
       584        138          0         24      47104       3999   heap_4.o
      4800        286        156         53          0      29172   inv_mpu.o
      2082        128       3062          0         16      19298   inv_mpu_dmp_motion_driver.o
       136          0          0          0          0       3218   list.o
        14          0          0          0          0     240656   main.o
       144         14          0          0          0       2109   misc.o
       538          0          0          0          0       7830   mpu6050.o
       712         48          0          0          0       6571   mpui2c.o
       280         12          0          0          0       1597   pid.o
      1038        382          0         12          0      11173   port.o
      1832        236          0          0         64      14449   queue.o
       186         64          0         12          0       2926   starttask.o
        64         26        392          0       1536        872   startup_stm32f40_41xxx.o
      1182         30          0          0          0       8336   stm32f4xx_can.o
       626         64          0          0          0       6522   stm32f4xx_dma.o
       174          0          0          0          0       3407   stm32f4xx_gpio.o
       444         66          0          0          0      62763   stm32f4xx_it.o
       216         30          0         16          0       4695   stm32f4xx_rcc.o
       334          8          0          0          0       5214   stm32f4xx_usart.o
        76          6          0          0          0        533   system.o
       272         36          0         20          0       1897   system_stm32f4xx.o
      2762        670          0         60        740      29443   tasks.o
      1144        260          0         20         40       9410   timers.o
       408         32          0          6        200       6336   usart.o

    ----------------------------------------------------------------------
     22668       2712       3682        288      50656     514162   Object Totals
         0          0         32          0          0          0   (incl. Generated)
        30          0          4          1          3          0   (incl. Padding)

    ----------------------------------------------------------------------

      Code (inc. data)   RO Data    RW Data    ZI Data      Debug   Library Member Name

         8          0          0          0          0         68   __main.o
       312          4         17          0          0         92   __printf_flags_wp.o
        14          0          0          0          0         68   __printf_wp.o
         0          0          0          0          0          0   __rtentry.o
        12          0          0          0          0          0   __rtentry2.o
         6          0          0          0          0          0   __rtentry4.o
        52          8          0          0          0          0   __scatter.o
        26          0          0          0          0          0   __scatter_copy.o
        28          0          0          0          0          0   __scatter_zi.o
        44          0          0          0          0        108   _printf_char.o
        48          6          0          0          0         96   _printf_char_common.o
        36          4          0          0          0         80   _printf_char_file.o
         6          0          0          0          0          0   _printf_d.o
       120         16          0          0          0         92   _printf_dec.o
       178          0          0          0          0         88   _printf_intcommon.o
         0          0          0          0          0          0   _printf_percent.o
         4          0          0          0          0          0   _printf_percent_end.o
         6          0          0          0          0          0   _printf_s.o
        82          0          0          0          0         80   _printf_str.o
        16          0          0          0          0         68   aeabi_memset.o
        12          0          0          0          0         72   exit.o
         8          0          0          0          0         68   ferror.o
         6          0          0          0          0        152   heapauxi.o
         2          0          0          0          0          0   libinit.o
         6          0          0          0          0          0   libinit2.o
         2          0          0          0          0          0   libshutdown.o
         2          0          0          0          0          0   libshutdown2.o
         8          4          0          0         96         68   libspace.o
        72          0          0          0          0         76   llsdiv.o
       238          0          0          0          0        100   lludivv7m.o
        88          0          0          0          0         76   memcmp.o
        24          4          0          0          0         84   noretval__2printf.o
        68          0          0          0          0         68   rt_memclr.o
        78          0          0          0          0         80   rt_memclr_w.o
       138          0          0          0          0         68   rt_memcpy_v6.o
       100          0          0          0          0         80   rt_memcpy_w.o
         2          0          0          0          0          0   rtexit.o
        10          0          0          0          0          0   rtexit2.o
        74          0          0          0          0         80   sys_stackheap_outer.o
         2          0          0          0          0         68   use_no_semi.o
         2          0          0          0          0         68   use_no_semi_2.o
       804         16          0          0          0        368   daddsub_clz.o
        94          4          0          0          0        140   dfix.o
        46          0          0          0          0        116   dflt_clz.o
       340         12          0          0          0        152   dmul.o
       156          4          0          0          0        140   dnaninf.o
        12          0          0          0          0        116   dretinf.o
        10          0          0          0          0        116   fpinit.o
         0          0          0          0          0          0   usenofp.o

    ----------------------------------------------------------------------
      3416         82         18          0         96       3196   Library Totals
        14          0          1          0          0          0   (incl. Padding)

    ----------------------------------------------------------------------

      Code (inc. data)   RO Data    RW Data    ZI Data      Debug   Library Name

      1940         46         17          0         96       2048   c_w.l
      1462         36          0          0          0       1148   fz_wm.l

    ----------------------------------------------------------------------
      3416         82         18          0         96       3196   Library Totals

    ----------------------------------------------------------------------

==============================================================================


      Code (inc. data)   RO Data    RW Data    ZI Data      Debug   

     26084       2794       3700        288      50752     494466   Grand Totals
     26084       2794       3700        288      50752     494466   ELF Image Totals
     26084       2794       3700        288          0          0   ROM Totals

==============================================================================

    Total RO  Size (Code + RO Data)                29784 (  29.09kB)
    Total RW  Size (RW Data + ZI Data)             51040 (  49.84kB)
    Total ROM Size (Code + RO Data + RW Data)      30072 (  29.37kB)

==============================================================================

