<html>
<body>
<pre>
<h1>礦ision Build Log</h1>
<h2>Tool Versions:</h2>
IDE-Version: μVision V5.14.0.0
Copyright (C) 2015 ARM Ltd and ARM Germany GmbH. All rights reserved.
License Information: Alex Mercer, 123, LIC=3UUSB-2RI5J-C2NL6-DQ0BY-PB1K5-GQETQ
 
Tool Versions:
Toolchain:       MDK-ARM Professional  Version: 5.14.0.0
Toolchain Path:  G:\Keil_v5\ARM\ARMCC\Bin
C Compiler:      Armcc.exe V5.05 update 1 (build 106)
Assembler:       Armasm.exe V5.05 update 1 (build 106)
Linker/Locator:  ArmLink.exe V5.05 update 1 (build 106)
Library Manager: ArmAr.exe V5.05 update 1 (build 106)
Hex Converter:   FromElf.exe V5.05 update 1 (build 106)
CPU DLL:         SARMCM3.DLL V5.14.0.0
Dialog DLL:      DCM.DLL V1.13.1.0
Target DLL:      Segger\JL2CM3.dll V2.99.13.0
Dialog DLL:      TCM.DLL V1.14.4.0
 
<h2>Project:</h2>
G:\DDDDDDDDDDDDDDDDDDDianKong\工程\菜鸡工程\Engineer-Myself-Chassis - Gripper\USER\FreeRTOS.uvprojx
Project File Date:  09/03/2019

<h2>Output:</h2>
Build target 'FreeRTOS'
compiling Chassis.c...
linking...
Program Size: Code=26084 RO-data=3700 RW-data=288 ZI-data=50752  
FromELF: creating hex file...
"..\OBJ\LED.axf" - 0 Error(s), 0 Warning(s).

<h2>Collection of Component include folders:</h2>
  G:\DDDDDDDDDDDDDDDDDDDianKong\工程\菜鸡工程\Engineer-Myself-Chassis - Gripper\USER\RTE
  G:\Keil_v5\ARM\PACK\Keil\STM32F4xx_DFP\2.14.0

<h2>Collection of Component Files used:</h2>
</pre>
</body>
</html>
